Archive member included to satisfy reference by file (symbol)

/opt/st/stm32cubeide_1.6.0/plugins/com.st.stm32cube.ide.mcu.externaltools.gnu-tools-for-stm32.9-2020-q2-update.linux64_1.5.0.202011040924/tools/bin/../lib/gcc/arm-none-eabi/9.3.1/../../../../arm-none-eabi/lib/thumb/v7-m/nofp/libc_nano.a(lib_a-errno.o)
                              Core/Src/syscalls.o (__errno)
/opt/st/stm32cubeide_1.6.0/plugins/com.st.stm32cube.ide.mcu.externaltools.gnu-tools-for-stm32.9-2020-q2-update.linux64_1.5.0.202011040924/tools/bin/../lib/gcc/arm-none-eabi/9.3.1/../../../../arm-none-eabi/lib/thumb/v7-m/nofp/libc_nano.a(lib_a-exit.o)
                              /opt/st/stm32cubeide_1.6.0/plugins/com.st.stm32cube.ide.mcu.externaltools.gnu-tools-for-stm32.9-2020-q2-update.linux64_1.5.0.202011040924/tools/bin/../lib/gcc/arm-none-eabi/9.3.1/../../../../arm-none-eabi/lib/thumb/v7-m/nofp/crt0.o (exit)
/opt/st/stm32cubeide_1.6.0/plugins/com.st.stm32cube.ide.mcu.externaltools.gnu-tools-for-stm32.9-2020-q2-update.linux64_1.5.0.202011040924/tools/bin/../lib/gcc/arm-none-eabi/9.3.1/../../../../arm-none-eabi/lib/thumb/v7-m/nofp/libc_nano.a(lib_a-impure.o)
                              /opt/st/stm32cubeide_1.6.0/plugins/com.st.stm32cube.ide.mcu.externaltools.gnu-tools-for-stm32.9-2020-q2-update.linux64_1.5.0.202011040924/tools/bin/../lib/gcc/arm-none-eabi/9.3.1/../../../../arm-none-eabi/lib/thumb/v7-m/nofp/libc_nano.a(lib_a-exit.o) (_global_impure_ptr)
/opt/st/stm32cubeide_1.6.0/plugins/com.st.stm32cube.ide.mcu.externaltools.gnu-tools-for-stm32.9-2020-q2-update.linux64_1.5.0.202011040924/tools/bin/../lib/gcc/arm-none-eabi/9.3.1/../../../../arm-none-eabi/lib/thumb/v7-m/nofp/libc_nano.a(lib_a-init.o)
                              /opt/st/stm32cubeide_1.6.0/plugins/com.st.stm32cube.ide.mcu.externaltools.gnu-tools-for-stm32.9-2020-q2-update.linux64_1.5.0.202011040924/tools/bin/../lib/gcc/arm-none-eabi/9.3.1/../../../../arm-none-eabi/lib/thumb/v7-m/nofp/crt0.o (__libc_init_array)
/opt/st/stm32cubeide_1.6.0/plugins/com.st.stm32cube.ide.mcu.externaltools.gnu-tools-for-stm32.9-2020-q2-update.linux64_1.5.0.202011040924/tools/bin/../lib/gcc/arm-none-eabi/9.3.1/../../../../arm-none-eabi/lib/thumb/v7-m/nofp/libc_nano.a(lib_a-memset.o)
                              /opt/st/stm32cubeide_1.6.0/plugins/com.st.stm32cube.ide.mcu.externaltools.gnu-tools-for-stm32.9-2020-q2-update.linux64_1.5.0.202011040924/tools/bin/../lib/gcc/arm-none-eabi/9.3.1/../../../../arm-none-eabi/lib/thumb/v7-m/nofp/crt0.o (memset)
/opt/st/stm32cubeide_1.6.0/plugins/com.st.stm32cube.ide.mcu.externaltools.gnu-tools-for-stm32.9-2020-q2-update.linux64_1.5.0.202011040924/tools/bin/../lib/gcc/arm-none-eabi/9.3.1/../../../../arm-none-eabi/lib/thumb/v7-m/nofp/libc_nano.a(lib_a-printf.o)
                              Core/Src/main.o (printf)
/opt/st/stm32cubeide_1.6.0/plugins/com.st.stm32cube.ide.mcu.externaltools.gnu-tools-for-stm32.9-2020-q2-update.linux64_1.5.0.202011040924/tools/bin/../lib/gcc/arm-none-eabi/9.3.1/../../../../arm-none-eabi/lib/thumb/v7-m/nofp/libc_nano.a(lib_a-puts.o)
                              Core/Src/main.o (puts)
/opt/st/stm32cubeide_1.6.0/plugins/com.st.stm32cube.ide.mcu.externaltools.gnu-tools-for-stm32.9-2020-q2-update.linux64_1.5.0.202011040924/tools/bin/../lib/gcc/arm-none-eabi/9.3.1/../../../../arm-none-eabi/lib/thumb/v7-m/nofp/libc_nano.a(lib_a-strncpy.o)
                              Core/Src/main.o (strncpy)
/opt/st/stm32cubeide_1.6.0/plugins/com.st.stm32cube.ide.mcu.externaltools.gnu-tools-for-stm32.9-2020-q2-update.linux64_1.5.0.202011040924/tools/bin/../lib/gcc/arm-none-eabi/9.3.1/../../../../arm-none-eabi/lib/thumb/v7-m/nofp/libc_nano.a(lib_a-wbuf.o)
                              /opt/st/stm32cubeide_1.6.0/plugins/com.st.stm32cube.ide.mcu.externaltools.gnu-tools-for-stm32.9-2020-q2-update.linux64_1.5.0.202011040924/tools/bin/../lib/gcc/arm-none-eabi/9.3.1/../../../../arm-none-eabi/lib/thumb/v7-m/nofp/libc_nano.a(lib_a-puts.o) (__swbuf_r)
/opt/st/stm32cubeide_1.6.0/plugins/com.st.stm32cube.ide.mcu.externaltools.gnu-tools-for-stm32.9-2020-q2-update.linux64_1.5.0.202011040924/tools/bin/../lib/gcc/arm-none-eabi/9.3.1/../../../../arm-none-eabi/lib/thumb/v7-m/nofp/libc_nano.a(lib_a-wsetup.o)
                              /opt/st/stm32cubeide_1.6.0/plugins/com.st.stm32cube.ide.mcu.externaltools.gnu-tools-for-stm32.9-2020-q2-update.linux64_1.5.0.202011040924/tools/bin/../lib/gcc/arm-none-eabi/9.3.1/../../../../arm-none-eabi/lib/thumb/v7-m/nofp/libc_nano.a(lib_a-puts.o) (__swsetup_r)
/opt/st/stm32cubeide_1.6.0/plugins/com.st.stm32cube.ide.mcu.externaltools.gnu-tools-for-stm32.9-2020-q2-update.linux64_1.5.0.202011040924/tools/bin/../lib/gcc/arm-none-eabi/9.3.1/../../../../arm-none-eabi/lib/thumb/v7-m/nofp/libc_nano.a(lib_a-fflush.o)
[...]
Memory Configuration

Name             Origin             Length             Attributes
RAM              0x0000000020000000 0x0000000000005000 xrw
FLASH            0x0000000008000000 0x0000000000010000 xr
*default*        0x0000000000000000 0xffffffffffffffff

Linker script and memory map

LOAD /opt/st/stm32cubeide_1.6.0/plugins/com.st.stm32cube.ide.mcu.externaltools.gnu-tools-for-stm32.9-2020-q2-update.linux64_1.5.0.202011040924/tools/bin/../lib/gcc/arm-none-eabi/9.3.1/thumb/v7-m/nofp/crti.o
LOAD /opt/st/stm32cubeide_1.6.0/plugins/com.st.stm32cube.ide.mcu.externaltools.gnu-tools-for-stm32.9-2020-q2-update.linux64_1.5.0.202011040924/tools/bin/../lib/gcc/arm-none-eabi/9.3.1/thumb/v7-m/nofp/crtbegin.o
LOAD /opt/st/stm32cubeide_1.6.0/plugins/com.st.stm32cube.ide.mcu.externaltools.gnu-tools-for-stm32.9-2020-q2-update.linux64_1.5.0.202011040924/tools/bin/../lib/gcc/arm-none-eabi/9.3.1/../../../../arm-none-eabi/lib/thumb/v7-m/nofp/crt0.o
LOAD Core/Src/main.o
LOAD Core/Src/stm32f1xx_hal_msp.o
LOAD Core/Src/stm32f1xx_it.o
LOAD Core/Src/syscalls.o
LOAD Core/Src/sysmem.o
LOAD Core/Src/system_stm32f1xx.o
LOAD Core/Startup/startup_stm32f103c8tx.o
LOAD Drivers/STM32F1xx_HAL_Driver/Src/stm32f1xx_hal.o
LOAD Drivers/STM32F1xx_HAL_Driver/Src/stm32f1xx_hal_cortex.o
LOAD Drivers/STM32F1xx_HAL_Driver/Src/stm32f1xx_hal_dma.o
LOAD Drivers/STM32F1xx_HAL_Driver/Src/stm32f1xx_hal_exti.o
LOAD Drivers/STM32F1xx_HAL_Driver/Src/stm32f1xx_hal_flash.o
LOAD Drivers/STM32F1xx_HAL_Driver/Src/stm32f1xx_hal_flash_ex.o
LOAD Drivers/STM32F1xx_HAL_Driver/Src/stm32f1xx_hal_gpio.o
LOAD Drivers/STM32F1xx_HAL_Driver/Src/stm32f1xx_hal_gpio_ex.o
LOAD Drivers/STM32F1xx_HAL_Driver/Src/stm32f1xx_hal_pwr.o
LOAD Drivers/STM32F1xx_HAL_Driver/Src/stm32f1xx_hal_rcc.o
LOAD Drivers/STM32F1xx_HAL_Driver/Src/stm32f1xx_hal_rcc_ex.o
LOAD Drivers/STM32F1xx_HAL_Driver/Src/stm32f1xx_hal_spi.o
LOAD Drivers/STM32F1xx_HAL_Driver/Src/stm32f1xx_hal_tim.o
LOAD Drivers/STM32F1xx_HAL_Driver/Src/stm32f1xx_hal_tim_ex.o
LOAD Drivers/STM32F1xx_HAL_Driver/Src/stm32f1xx_hal_uart.o
LOAD FATFS/App/fatfs.o
LOAD FATFS/Target/fatfs_sd.o
LOAD FATFS/Target/user_diskio.o
LOAD Middlewares/Third_Party/FatFs/src/diskio.o
LOAD Middlewares/Third_Party/FatFs/src/ff.o
LOAD Middlewares/Third_Party/FatFs/src/ff_gen_drv.o
LOAD Middlewares/Third_Party/FatFs/src/option/syscall.o
START GROUP
LOAD /opt/st/stm32cubeide_1.6.0/plugins/com.st.stm32cube.ide.mcu.externaltools.gnu-tools-for-stm32.9-2020-q2-update.linux64_1.5.0.202011040924/tools/bin/../lib/gcc/arm-none-eabi/9.3.1/../../../../arm-none-eabi/lib/thumb/v7-m/nofp/libc_nano.a
LOAD /opt/st/stm32cubeide_1.6.0/plugins/com.st.stm32cube.ide.mcu.externaltools.gnu-tools-for-stm32.9-2020-q2-update.linux64_1.5.0.202011040924/tools/bin/../lib/gcc/arm-none-eabi/9.3.1/../../../../arm-none-eabi/lib/thumb/v7-m/nofp/libm.a
END GROUP
START GROUP
LOAD /opt/st/stm32cubeide_1.6.0/plugins/com.st.stm32cube.ide.mcu.externaltools.gnu-tools-for-stm32.9-2020-q2-update.linux64_1.5.0.202011040924/tools/bin/../lib/gcc/arm-none-eabi/9.3.1/thumb/v7-m/nofp/libgcc.a
LOAD /opt/st/stm32cubeide_1.6.0/plugins/com.st.stm32cube.ide.mcu.externaltools.gnu-tools-for-stm32.9-2020-q2-update.linux64_1.5.0.202011040924/tools/bin/../lib/gcc/arm-none-eabi/9.3.1/../../../../arm-none-eabi/lib/thumb/v7-m/nofp/libc_nano.a
END GROUP
START GROUP
LOAD /opt/st/stm32cubeide_1.6.0/plugins/com.st.stm32cube.ide.mcu.externaltools.gnu-tools-for-stm32.9-2020-q2-update.linux64_1.5.0.202011040924/tools/bin/../lib/gcc/arm-none-eabi/9.3.1/thumb/v7-m/nofp/libgcc.a
LOAD /opt/st/stm32cubeide_1.6.0/plugins/com.st.stm32cube.ide.mcu.externaltools.gnu-tools-for-stm32.9-2020-q2-update.linux64_1.5.0.202011040924/tools/bin/../lib/gcc/arm-none-eabi/9.3.1/../../../../arm-none-eabi/lib/thumb/v7-m/nofp/libc_nano.a
LOAD /opt/st/stm32cubeide_1.6.0/plugins/com.st.stm32cube.ide.mcu.externaltools.gnu-tools-for-stm32.9-2020-q2-update.linux64_1.5.0.202011040924/tools/bin/../lib/gcc/arm-none-eabi/9.3.1/../../../../arm-none-eabi/lib/thumb/v7-m/nofp/libnosys.a
END GROUP
START GROUP
LOAD /opt/st/stm32cubeide_1.6.0/plugins/com.st.stm32cube.ide.mcu.externaltools.gnu-tools-for-stm32.9-2020-q2-update.linux64_1.5.0.202011040924/tools/bin/../lib/gcc/arm-none-eabi/9.3.1/thumb/v7-m/nofp/libgcc.a
LOAD /opt/st/stm32cubeide_1.6.0/plugins/com.st.stm32cube.ide.mcu.externaltools.gnu-tools-for-stm32.9-2020-q2-update.linux64_1.5.0.202011040924/tools/bin/../lib/gcc/arm-none-eabi/9.3.1/../../../../arm-none-eabi/lib/thumb/v7-m/nofp/libc_nano.a
LOAD /opt/st/stm32cubeide_1.6.0/plugins/com.st.stm32cube.ide.mcu.externaltools.gnu-tools-for-stm32.9-2020-q2-update.linux64_1.5.0.202011040924/tools/bin/../lib/gcc/arm-none-eabi/9.3.1/../../../../arm-none-eabi/lib/thumb/v7-m/nofp/libnosys.a
END GROUP
LOAD /opt/st/stm32cubeide_1.6.0/plugins/com.st.stm32cube.ide.mcu.externaltools.gnu-tools-for-stm32.9-2020-q2-update.linux64_1.5.0.202011040924/tools/bin/../lib/gcc/arm-none-eabi/9.3.1/thumb/v7-m/nofp/crtend.o
LOAD /opt/st/stm32cubeide_1.6.0/plugins/com.st.stm32cube.ide.mcu.externaltools.gnu-tools-for-stm32.9-2020-q2-update.linux64_1.5.0.202011040924/tools/bin/../lib/gcc/arm-none-eabi/9.3.1/thumb/v7-m/nofp/crtn.o
                0x0000000020005000                _estack = (ORIGIN (RAM) + LENGTH (RAM))
                0x0000000000000200                _Min_Heap_Size = 0x200
                0x0000000000000400                _Min_Stack_Size = 0x400

.isr_vector     0x0000000008000000      0x10c
                0x0000000008000000                . = ALIGN (0x4)
 *(.isr_vector)
 .isr_vector    0x0000000008000000      0x10c Core/Startup/startup_stm32f103c8tx.o
                0x0000000008000000                g_pfnVectors
                0x000000000800010c                . = ALIGN (0x4)

.text           0x000000000800010c     0x73e8
                0x000000000800010c                . = ALIGN (0x4)
 *(.text)
 .text          0x000000000800010c       0x40 /opt/st/stm32cubeide_1.6.0/plugins/com.st.stm32cube.ide.mcu.externaltools.gnu-tools-for-stm32.9-2020-q2-update.linux64_1.5.0.202011040924/tools/bin/../lib/gcc/arm-none-eabi/9.3.1/thumb/v7-m/nofp/crtbegin.o
 *(.text*)
 .text.ITM_SendChar
                0x000000000800014c       0x4c Core/Src/main.o
 .text._write   0x0000000008000198       0x4c Core/Src/main.o
                0x0000000008000198                _write
 .text.main     0x00000000080001e4      0x218 Core/Src/main.o
                0x00000000080001e4                main
 .text.SystemClock_Config
                0x00000000080003fc       0x8a Core/Src/main.o
                0x00000000080003fc                SystemClock_Config
 *fill*         0x0000000008000486        0x2 
 .text.MX_SPI1_Init
                0x0000000008000488       0x6c Core/Src/main.o
 .text.MX_USART2_UART_Init
                0x00000000080004f4       0x54 Core/Src/main.o
 .text.MX_GPIO_Init
                0x0000000008000548       0x7c Core/Src/main.o
 .text.Error_Handler
                0x00000000080005c4        0xa Core/Src/main.o
                0x00000000080005c4                Error_Handler
 *fill*         0x00000000080005ce        0x2 
 .text.HAL_MspInit
                0x00000000080005d0       0x64 Core/Src/stm32f1xx_hal_msp.o
                0x00000000080005d0                HAL_MspInit
 .text.HAL_SPI_MspInit
                0x0000000008000634       0x94 Core/Src/stm32f1xx_hal_msp.o
                0x0000000008000634                HAL_SPI_MspInit
 .text.HAL_UART_MspInit
                0x00000000080006c8       0x94 Core/Src/stm32f1xx_hal_msp.o
                0x00000000080006c8                HAL_UART_MspInit
 .text.NMI_Handler
                0x000000000800075c        0x6 Core/Src/stm32f1xx_it.o
                0x000000000800075c                NMI_Handler
 .text.HardFault_Handler
                0x0000000008000762        0x6 Core/Src/stm32f1xx_it.o
                0x0000000008000762                HardFault_Handler
 .text.MemManage_Handler
                0x0000000008000768        0x6 Core/Src/stm32f1xx_it.o
                0x0000000008000768                MemManage_Handler
 .text.BusFault_Handler
                0x000000000800076e        0x6 Core/Src/stm32f1xx_it.o
                0x000000000800076e                BusFault_Handler
 .text.UsageFault_Handler
                0x0000000008000774        0x6 Core/Src/stm32f1xx_it.o
                0x0000000008000774                UsageFault_Handler
 .text.SVC_Handler
                0x000000000800077a        0xc Core/Src/stm32f1xx_it.o
                0x000000000800077a                SVC_Handler
 .text.DebugMon_Handler
                0x0000000008000786        0xc Core/Src/stm32f1xx_it.o
                0x0000000008000786                DebugMon_Handler
 .text.PendSV_Handler
                0x0000000008000792        0xc Core/Src/stm32f1xx_it.o
                0x0000000008000792                PendSV_Handler
 *fill*         0x000000000800079e        0x2 
 .text.SysTick_Handler
                0x00000000080007a0       0x3c Core/Src/stm32f1xx_it.o
                0x00000000080007a0                SysTick_Handler
 .text._read    0x00000000080007dc       0x3a Core/Src/syscalls.o
                0x00000000080007dc                _read
 .text._close   0x0000000008000816       0x16 Core/Src/syscalls.o
                0x0000000008000816                _close
 .text._fstat   0x000000000800082c       0x1e Core/Src/syscalls.o
                0x000000000800082c                _fstat
 .text._isatty  0x000000000800084a       0x14 Core/Src/syscalls.o
                0x000000000800084a                _isatty
 .text._lseek   0x000000000800085e       0x18 Core/Src/syscalls.o
                0x000000000800085e                _lseek
 *fill*         0x0000000008000876        0x2 
 .text._sbrk    0x0000000008000878       0x6c Core/Src/sysmem.o
                0x0000000008000878                _sbrk
 .text.SystemInit
                0x00000000080008e4        0xc Core/Src/system_stm32f1xx.o
                0x00000000080008e4                SystemInit
 .text.Reset_Handler
                0x00000000080008f0       0x48 Core/Startup/startup_stm32f103c8tx.o
                0x00000000080008f0                Reset_Handler
 .text.Default_Handler
                0x0000000008000938        0x2 Core/Startup/startup_stm32f103c8tx.o
                0x0000000008000938                RTC_Alarm_IRQHandler
                0x0000000008000938                EXTI2_IRQHandler
                0x0000000008000938                TIM1_CC_IRQHandler
                0x0000000008000938                PVD_IRQHandler
                0x0000000008000938                EXTI3_IRQHandler
                0x0000000008000938                EXTI0_IRQHandler
                0x0000000008000938                I2C2_EV_IRQHandler
                0x0000000008000938                ADC1_2_IRQHandler
                0x0000000008000938                SPI1_IRQHandler
                0x0000000008000938                TAMPER_IRQHandler
                0x0000000008000938                DMA1_Channel4_IRQHandler
                0x0000000008000938                USART3_IRQHandler
                0x0000000008000938                RTC_IRQHandler
                0x0000000008000938                DMA1_Channel7_IRQHandler
                0x0000000008000938                CAN1_RX1_IRQHandler
                0x0000000008000938                TIM4_IRQHandler
                0x0000000008000938                I2C1_EV_IRQHandler
                0x0000000008000938                DMA1_Channel6_IRQHandler
                0x0000000008000938                TIM3_IRQHandler
                0x0000000008000938                RCC_IRQHandler
                0x0000000008000938                TIM1_TRG_COM_IRQHandler
                0x0000000008000938                DMA1_Channel1_IRQHandler
                0x0000000008000938                Default_Handler
                0x0000000008000938                EXTI15_10_IRQHandler
                0x0000000008000938                EXTI9_5_IRQHandler
                0x0000000008000938                SPI2_IRQHandler
                0x0000000008000938                DMA1_Channel5_IRQHandler
                0x0000000008000938                EXTI4_IRQHandler
                0x0000000008000938                USB_LP_CAN1_RX0_IRQHandler
                0x0000000008000938                USB_HP_CAN1_TX_IRQHandler
                0x0000000008000938                DMA1_Channel3_IRQHandler
                0x0000000008000938                TIM1_UP_IRQHandler
                0x0000000008000938                WWDG_IRQHandler
                0x0000000008000938                TIM2_IRQHandler
                0x0000000008000938                TIM1_BRK_IRQHandler
                0x0000000008000938                EXTI1_IRQHandler
                0x0000000008000938                USART2_IRQHandler
                0x0000000008000938                I2C2_ER_IRQHandler
                0x0000000008000938                DMA1_Channel2_IRQHandler
                0x0000000008000938                CAN1_SCE_IRQHandler
                0x0000000008000938                FLASH_IRQHandler
                0x0000000008000938                USART1_IRQHandler
                0x0000000008000938                I2C1_ER_IRQHandler
                0x0000000008000938                USBWakeUp_IRQHandler
 *fill*         0x000000000800093a        0x2 
 .text.HAL_Init
                0x000000000800093c       0x2c Drivers/STM32F1xx_HAL_Driver/Src/stm32f1xx_hal.o
                0x000000000800093c                HAL_Init
 .text.HAL_InitTick
                0x0000000008000968       0x60 Drivers/STM32F1xx_HAL_Driver/Src/stm32f1xx_hal.o
                0x0000000008000968                HAL_InitTick
 .text.HAL_IncTick
                0x00000000080009c8       0x24 Drivers/STM32F1xx_HAL_Driver/Src/stm32f1xx_hal.o
                0x00000000080009c8                HAL_IncTick
 .text.HAL_GetTick
                0x00000000080009ec       0x14 Drivers/STM32F1xx_HAL_Driver/Src/stm32f1xx_hal.o
                0x00000000080009ec                HAL_GetTick
 .text.HAL_Delay
                0x0000000008000a00       0x48 Drivers/STM32F1xx_HAL_Driver/Src/stm32f1xx_hal.o
                0x0000000008000a00                HAL_Delay
 .text.__NVIC_SetPriorityGrouping
                0x0000000008000a48       0x48 Drivers/STM32F1xx_HAL_Driver/Src/stm32f1xx_hal_cortex.o
 .text.__NVIC_GetPriorityGrouping
                0x0000000008000a90       0x1c Drivers/STM32F1xx_HAL_Driver/Src/stm32f1xx_hal_cortex.o
 .text.__NVIC_SetPriority
                0x0000000008000aac       0x54 Drivers/STM32F1xx_HAL_Driver/Src/stm32f1xx_hal_cortex.o
 .text.NVIC_EncodePriority
                0x0000000008000b00       0x64 Drivers/STM32F1xx_HAL_Driver/Src/stm32f1xx_hal_cortex.o
 .text.SysTick_Config
                0x0000000008000b64       0x44 Drivers/STM32F1xx_HAL_Driver/Src/stm32f1xx_hal_cortex.o
 .text.HAL_NVIC_SetPriorityGrouping
                0x0000000008000ba8       0x16 Drivers/STM32F1xx_HAL_Driver/Src/stm32f1xx_hal_cortex.o
                0x0000000008000ba8                HAL_NVIC_SetPriorityGrouping
 .text.HAL_NVIC_SetPriority
                0x0000000008000bbe       0x38 Drivers/STM32F1xx_HAL_Driver/Src/stm32f1xx_hal_cortex.o
                0x0000000008000bbe                HAL_NVIC_SetPriority
 .text.HAL_SYSTICK_Config
                0x0000000008000bf6       0x18 Drivers/STM32F1xx_HAL_Driver/Src/stm32f1xx_hal_cortex.o
                0x0000000008000bf6                HAL_SYSTICK_Config
 *fill*         0x0000000008000c0e        0x2 
 .text.HAL_GPIO_Init
                0x0000000008000c10      0x308 Drivers/STM32F1xx_HAL_Driver/Src/stm32f1xx_hal_gpio.o
                0x0000000008000c10                HAL_GPIO_Init
 .text.HAL_GPIO_WritePin
                0x0000000008000f18       0x30 Drivers/STM32F1xx_HAL_Driver/Src/stm32f1xx_hal_gpio.o
                0x0000000008000f18                HAL_GPIO_WritePin
 .text.HAL_RCC_OscConfig
                0x0000000008000f48      0x500 Drivers/STM32F1xx_HAL_Driver/Src/stm32f1xx_hal_rcc.o
                0x0000000008000f48                HAL_RCC_OscConfig
 .text.HAL_RCC_ClockConfig
                0x0000000008001448      0x1d4 Drivers/STM32F1xx_HAL_Driver/Src/stm32f1xx_hal_rcc.o
                0x0000000008001448                HAL_RCC_ClockConfig
 .text.HAL_RCC_GetSysClockFreq
                0x000000000800161c       0xc0 Drivers/STM32F1xx_HAL_Driver/Src/stm32f1xx_hal_rcc.o
                0x000000000800161c                HAL_RCC_GetSysClockFreq
 .text.HAL_RCC_GetHCLKFreq
                0x00000000080016dc       0x14 Drivers/STM32F1xx_HAL_Driver/Src/stm32f1xx_hal_rcc.o
                0x00000000080016dc                HAL_RCC_GetHCLKFreq
 .text.HAL_RCC_GetPCLK1Freq
                0x00000000080016f0       0x28 Drivers/STM32F1xx_HAL_Driver/Src/stm32f1xx_hal_rcc.o
                0x00000000080016f0                HAL_RCC_GetPCLK1Freq
 .text.HAL_RCC_GetPCLK2Freq
                0x0000000008001718       0x28 Drivers/STM32F1xx_HAL_Driver/Src/stm32f1xx_hal_rcc.o
                0x0000000008001718                HAL_RCC_GetPCLK2Freq
 .text.RCC_Delay
                0x0000000008001740       0x3c Drivers/STM32F1xx_HAL_Driver/Src/stm32f1xx_hal_rcc.o
 .text.HAL_SPI_Init
                0x000000000800177c      0x108 Drivers/STM32F1xx_HAL_Driver/Src/stm32f1xx_hal_spi.o
                0x000000000800177c                HAL_SPI_Init
 .text.HAL_SPI_Transmit
                0x0000000008001884      0x278 Drivers/STM32F1xx_HAL_Driver/Src/stm32f1xx_hal_spi.o
                0x0000000008001884                HAL_SPI_Transmit
 .text.HAL_SPI_TransmitReceive
                0x0000000008001afc      0x344 Drivers/STM32F1xx_HAL_Driver/Src/stm32f1xx_hal_spi.o
                0x0000000008001afc                HAL_SPI_TransmitReceive
 .text.SPI_WaitFlagStateUntilTimeout
                0x0000000008001e40      0x110 Drivers/STM32F1xx_HAL_Driver/Src/stm32f1xx_hal_spi.o
 .text.SPI_EndRxTxTransaction
                0x0000000008001f50       0x3c Drivers/STM32F1xx_HAL_Driver/Src/stm32f1xx_hal_spi.o
 .text.HAL_UART_Init
                0x0000000008001f8c       0x9a Drivers/STM32F1xx_HAL_Driver/Src/stm32f1xx_hal_uart.o
                0x0000000008001f8c                HAL_UART_Init
 .text.HAL_UART_Transmit
                0x0000000008002026      0x124 Drivers/STM32F1xx_HAL_Driver/Src/stm32f1xx_hal_uart.o
                0x0000000008002026                HAL_UART_Transmit
 .text.UART_WaitOnFlagUntilTimeout
                0x000000000800214a       0x94 Drivers/STM32F1xx_HAL_Driver/Src/stm32f1xx_hal_uart.o
 *fill*         0x00000000080021de        0x2 
 .text.UART_SetConfig
                0x00000000080021e0      0x11c Drivers/STM32F1xx_HAL_Driver/Src/stm32f1xx_hal_uart.o
 .text.MX_FATFS_Init
                0x00000000080022fc       0x24 FATFS/App/fatfs.o
                0x00000000080022fc                MX_FATFS_Init
 .text.get_fattime
                0x0000000008002320        0xe FATFS/App/fatfs.o
                0x0000000008002320                get_fattime
 *fill*         0x000000000800232e        0x2 
 .text.SELECT   0x0000000008002330       0x1c FATFS/Target/fatfs_sd.o
 .text.DESELECT
                0x000000000800234c       0x1c FATFS/Target/fatfs_sd.o
 .text.SPI_TxByte
                0x0000000008002368       0x34 FATFS/Target/fatfs_sd.o
 .text.SPI_TxBuffer
                0x000000000800239c       0x34 FATFS/Target/fatfs_sd.o
 .text.SPI_RxByte
                0x00000000080023d0       0x38 FATFS/Target/fatfs_sd.o
 .text.SPI_RxBytePtr
                0x0000000008002408       0x1c FATFS/Target/fatfs_sd.o
 .text.SD_ReadyWait
                0x0000000008002424       0x34 FATFS/Target/fatfs_sd.o
 .text.SD_PowerOn
                0x0000000008002458       0x84 FATFS/Target/fatfs_sd.o
 .text.SD_PowerOff
                0x00000000080024dc       0x18 FATFS/Target/fatfs_sd.o
 .text.SD_CheckPower
                0x00000000080024f4       0x14 FATFS/Target/fatfs_sd.o
 .text.SD_RxDataBlock
                0x0000000008002508       0x5c FATFS/Target/fatfs_sd.o
 .text.SD_TxDataBlock
                0x0000000008002564       0x86 FATFS/Target/fatfs_sd.o
 .text.SD_SendCmd
                0x00000000080025ea       0xa8 FATFS/Target/fatfs_sd.o
 *fill*         0x0000000008002692        0x2 
 .text.SD_disk_initialize
                0x0000000008002694      0x1cc FATFS/Target/fatfs_sd.o
                0x0000000008002694                SD_disk_initialize
 .text.SD_disk_status
                0x0000000008002860       0x28 FATFS/Target/fatfs_sd.o
                0x0000000008002860                SD_disk_status
 .text.SD_disk_read
                0x0000000008002888       0xd4 FATFS/Target/fatfs_sd.o
                0x0000000008002888                SD_disk_read
 .text.SD_disk_write
                0x000000000800295c      0x108 FATFS/Target/fatfs_sd.o
                0x000000000800295c                SD_disk_write
 .text.SD_disk_ioctl
                0x0000000008002a64      0x258 FATFS/Target/fatfs_sd.o
                0x0000000008002a64                SD_disk_ioctl
 .text.USER_initialize
                0x0000000008002cbc       0x1c FATFS/Target/user_diskio.o
                0x0000000008002cbc                USER_initialize
 .text.USER_status
                0x0000000008002cd8       0x1c FATFS/Target/user_diskio.o
                0x0000000008002cd8                USER_status
 .text.USER_read
                0x0000000008002cf4       0x26 FATFS/Target/user_diskio.o
                0x0000000008002cf4                USER_read
 .text.USER_write
                0x0000000008002d1a       0x26 FATFS/Target/user_diskio.o
                0x0000000008002d1a                USER_write
 .text.USER_ioctl
                0x0000000008002d40       0x26 FATFS/Target/user_diskio.o
                0x0000000008002d40                USER_ioctl
 *fill*         0x0000000008002d66        0x2 
 .text.disk_status
                0x0000000008002d68       0x34 Middlewares/Third_Party/FatFs/src/diskio.o
                0x0000000008002d68                disk_status
 .text.disk_initialize
                0x0000000008002d9c       0x4c Middlewares/Third_Party/FatFs/src/diskio.o
                0x0000000008002d9c                disk_initialize
 .text.disk_read
                0x0000000008002de8       0x40 Middlewares/Third_Party/FatFs/src/diskio.o
                0x0000000008002de8                disk_read
 .text.disk_write
                0x0000000008002e28       0x40 Middlewares/Third_Party/FatFs/src/diskio.o
                0x0000000008002e28                disk_write
 .text.disk_ioctl
                0x0000000008002e68       0x3c Middlewares/Third_Party/FatFs/src/diskio.o
                0x0000000008002e68                disk_ioctl
 .text.mem_cpy  0x0000000008002ea4       0x3c Middlewares/Third_Party/FatFs/src/ff.o
 .text.mem_set  0x0000000008002ee0       0x34 Middlewares/Third_Party/FatFs/src/ff.o
 .text.mem_cmp  0x0000000008002f14       0x4c Middlewares/Third_Party/FatFs/src/ff.o
 .text.chk_chr  0x0000000008002f60       0x34 Middlewares/Third_Party/FatFs/src/ff.o
 .text.chk_lock
                0x0000000008002f94       0xe4 Middlewares/Third_Party/FatFs/src/ff.o
 .text.enq_lock
                0x0000000008003078       0x48 Middlewares/Third_Party/FatFs/src/ff.o
 .text.inc_lock
                0x00000000080030c0      0x180 Middlewares/Third_Party/FatFs/src/ff.o
 .text.dec_lock
                0x0000000008003240       0x88 Middlewares/Third_Party/FatFs/src/ff.o
 .text.clear_lock
                0x00000000080032c8       0x54 Middlewares/Third_Party/FatFs/src/ff.o
 .text.sync_window
                0x000000000800331c       0xb4 Middlewares/Third_Party/FatFs/src/ff.o
 .text.move_window
                0x00000000080033d0       0x68 Middlewares/Third_Party/FatFs/src/ff.o
 .text.sync_fs  0x0000000008003438      0x19e Middlewares/Third_Party/FatFs/src/ff.o
 .text.clust2sect
                0x00000000080035d6       0x4e Middlewares/Third_Party/FatFs/src/ff.o
                0x00000000080035d6                clust2sect
 .text.get_fat  0x0000000008003624      0x20a Middlewares/Third_Party/FatFs/src/ff.o
                0x0000000008003624                get_fat
 .text.put_fat  0x000000000800382e      0x2c0 Middlewares/Third_Party/FatFs/src/ff.o
                0x000000000800382e                put_fat
 .text.remove_chain
                0x0000000008003aee       0xd0 Middlewares/Third_Party/FatFs/src/ff.o
 .text.create_chain
                0x0000000008003bbe      0x162 Middlewares/Third_Party/FatFs/src/ff.o
 .text.clmt_clust
                0x0000000008003d20       0x86 Middlewares/Third_Party/FatFs/src/ff.o
 .text.dir_sdi  0x0000000008003da6      0x1b6 Middlewares/Third_Party/FatFs/src/ff.o
 .text.dir_next
                0x0000000008003f5c      0x2c4 Middlewares/Third_Party/FatFs/src/ff.o
 .text.dir_alloc
                0x0000000008004220       0xa2 Middlewares/Third_Party/FatFs/src/ff.o
 .text.ld_clust
                0x00000000080042c2       0x5c Middlewares/Third_Party/FatFs/src/ff.o
 .text.st_clust
                0x000000000800431e       0x4c Middlewares/Third_Party/FatFs/src/ff.o
 .text.dir_find
                0x000000000800436a       0xac Middlewares/Third_Party/FatFs/src/ff.o
 .text.dir_register
                0x0000000008004416       0x8a Middlewares/Third_Party/FatFs/src/ff.o
 .text.create_name
                0x00000000080044a0      0x184 Middlewares/Third_Party/FatFs/src/ff.o
 .text.follow_path
                0x0000000008004624       0xf2 Middlewares/Third_Party/FatFs/src/ff.o
 .text.get_ldnumber
                0x0000000008004716       0x86 Middlewares/Third_Party/FatFs/src/ff.o
 .text.check_fs
                0x000000000800479c       0xdc Middlewares/Third_Party/FatFs/src/ff.o
 .text.find_volume
                0x0000000008004878      0x6b8 Middlewares/Third_Party/FatFs/src/ff.o
 .text.validate
                0x0000000008004f30       0x7c Middlewares/Third_Party/FatFs/src/ff.o
 .text.f_mount  0x0000000008004fac       0x94 Middlewares/Third_Party/FatFs/src/ff.o
                0x0000000008004fac                f_mount
 .text.f_open   0x0000000008005040      0x64e Middlewares/Third_Party/FatFs/src/ff.o
                0x0000000008005040                f_open
 .text.f_read   0x000000000800568e      0x42c Middlewares/Third_Party/FatFs/src/ff.o
                0x000000000800568e                f_read
 .text.f_write  0x0000000008005aba      0x4e6 Middlewares/Third_Party/FatFs/src/ff.o
                0x0000000008005aba                f_write
 .text.f_sync   0x0000000008005fa0      0x1bc Middlewares/Third_Party/FatFs/src/ff.o
                0x0000000008005fa0                f_sync
 .text.f_close  0x000000000800615c       0x56 Middlewares/Third_Party/FatFs/src/ff.o
                0x000000000800615c                f_close
 .text.f_getfree
                0x00000000080061b2      0x1c4 Middlewares/Third_Party/FatFs/src/ff.o
                0x00000000080061b2                f_getfree
 .text.f_gets   0x0000000008006376       0x7a Middlewares/Third_Party/FatFs/src/ff.o
                0x0000000008006376                f_gets
 .text.FATFS_LinkDriverEx
                0x00000000080063f0       0x94 Middlewares/Third_Party/FatFs/src/ff_gen_drv.o
                0x00000000080063f0                FATFS_LinkDriverEx
 .text.FATFS_LinkDriver
                0x0000000008006484       0x1e Middlewares/Third_Party/FatFs/src/ff_gen_drv.o
                0x0000000008006484                FATFS_LinkDriver
 *fill*         0x00000000080064a2        0x2 
 .text.__errno  0x00000000080064a4        0xc /opt/st/stm32cubeide_1.6.0/plugins/com.st.stm32cube.ide.mcu.externaltools.gnu-tools-for-stm32.9-2020-q2-update.linux64_1.5.0.202011040924/tools/bin/../lib/gcc/arm-none-eabi/9.3.1/../../../../arm-none-eabi/lib/thumb/v7-m/nofp/libc_nano.a(lib_a-errno.o)
                0x00000000080064a4                __errno
 .text.__libc_init_array
                0x00000000080064b0       0x48 /opt/st/stm32cubeide_1.6.0/plugins/com.st.stm32cube.ide.mcu.externaltools.gnu-tools-for-stm32.9-2020-q2-update.linux64_1.5.0.202011040924/tools/bin/../lib/gcc/arm-none-eabi/9.3.1/../../../../arm-none-eabi/lib/thumb/v7-m/nofp/libc_nano.a(lib_a-init.o)
                0x00000000080064b0                __libc_init_array
 .text.memset   0x00000000080064f8       0x10 /opt/st/stm32cubeide_1.6.0/plugins/com.st.stm32cube.ide.mcu.externaltools.gnu-tools-for-stm32.9-2020-q2-update.linux64_1.5.0.202011040924/tools/bin/../lib/gcc/arm-none-eabi/9.3.1/../../../../arm-none-eabi/lib/thumb/v7-m/nofp/libc_nano.a(lib_a-memset.o)
                0x00000000080064f8                memset
 .text.printf   0x0000000008006508       0x30 /opt/st/stm32cubeide_1.6.0/plugins/com.st.stm32cube.ide.mcu.externaltools.gnu-tools-for-stm32.9-2020-q2-update.linux64_1.5.0.202011040924/tools/bin/../lib/gcc/arm-none-eabi/9.3.1/../../../../arm-none-eabi/lib/thumb/v7-m/nofp/libc_nano.a(lib_a-printf.o)
                0x0000000008006508                printf
                0x0000000008006508                iprintf
 .text._puts_r  0x0000000008006538       0xdc /opt/st/stm32cubeide_1.6.0/plugins/com.st.stm32cube.ide.mcu.externaltools.gnu-tools-for-stm32.9-2020-q2-update.linux64_1.5.0.202011040924/tools/bin/../lib/gcc/arm-none-eabi/9.3.1/../../../../arm-none-eabi/lib/thumb/v7-m/nofp/libc_nano.a(lib_a-puts.o)
                0x0000000008006538                _puts_r
 .text.puts     0x0000000008006614       0x10 /opt/st/stm32cubeide_1.6.0/plugins/com.st.stm32cube.ide.mcu.externaltools.gnu-tools-for-stm32.9-2020-q2-update.linux64_1.5.0.202011040924/tools/bin/../lib/gcc/arm-none-eabi/9.3.1/../../../../arm-none-eabi/lib/thumb/v7-m/nofp/libc_nano.a(lib_a-puts.o)
                0x0000000008006614                puts
 .text.strncpy  0x0000000008006624       0x26 /opt/st/stm32cubeide_1.6.0/plugins/com.st.stm32cube.ide.mcu.externaltools.gnu-tools-for-stm32.9-2020-q2-update.linux64_1.5.0.202011040924/tools/bin/../lib/gcc/arm-none-eabi/9.3.1/../../../../arm-none-eabi/lib/thumb/v7-m/nofp/libc_nano.a(lib_a-strncpy.o)
                0x0000000008006624                strncpy
 *fill*         0x000000000800664a        0x2 
 .text.__swbuf_r
                0x000000000800664c       0xa4 /opt/st/stm32cubeide_1.6.0/plugins/com.st.stm32cube.ide.mcu.externaltools.gnu-tools-for-stm32.9-2020-q2-update.linux64_1.5.0.202011040924/tools/bin/../lib/gcc/arm-none-eabi/9.3.1/../../../../arm-none-eabi/lib/thumb/v7-m/nofp/libc_nano.a(lib_a-wbuf.o)
                0x000000000800664c                __swbuf_r
 .text.__swsetup_r
                0x00000000080066f0       0xdc /opt/st/stm32cubeide_1.6.0/plugins/com.st.stm32cube.ide.mcu.externaltools.gnu-tools-for-stm32.9-2020-q2-update.linux64_1.5.0.202011040924/tools/bin/../lib/gcc/arm-none-eabi/9.3.1/../../../../arm-none-eabi/lib/thumb/v7-m/nofp/libc_nano.a(lib_a-wsetup.o)
                0x00000000080066f0                __swsetup_r
 .text.__sflush_r
                0x00000000080067cc      0x10c /opt/st/stm32cubeide_1.6.0/plugins/com.st.stm32cube.ide.mcu.externaltools.gnu-tools-for-stm32.9-2020-q2-update.linux64_1.5.0.202011040924/tools/bin/../lib/gcc/arm-none-eabi/9.3.1/../../../../arm-none-eabi/lib/thumb/v7-m/nofp/libc_nano.a(lib_a-fflush.o)
                0x00000000080067cc                __sflush_r
 .text._fflush_r
                0x00000000080068d8       0x78 /opt/st/stm32cubeide_1.6.0/plugins/com.st.stm32cube.ide.mcu.externaltools.gnu-tools-for-stm32.9-2020-q2-update.linux64_1.5.0.202011040924/tools/bin/../lib/gcc/arm-none-eabi/9.3.1/../../../../arm-none-eabi/lib/thumb/v7-m/nofp/libc_nano.a(lib_a-fflush.o)
                0x00000000080068d8                _fflush_r
 .text.std      0x0000000008006950       0x48 /opt/st/stm32cubeide_1.6.0/plugins/com.st.stm32cube.ide.mcu.externaltools.gnu-tools-for-stm32.9-2020-q2-update.linux64_1.5.0.202011040924/tools/bin/../lib/gcc/arm-none-eabi/9.3.1/../../../../arm-none-eabi/lib/thumb/v7-m/nofp/libc_nano.a(lib_a-findfp.o)
 .text._cleanup_r
                0x0000000008006998        0xc /opt/st/stm32cubeide_1.6.0/plugins/com.st.stm32cube.ide.mcu.externaltools.gnu-tools-for-stm32.9-2020-q2-update.linux64_1.5.0.202011040924/tools/bin/../lib/gcc/arm-none-eabi/9.3.1/../../../../arm-none-eabi/lib/thumb/v7-m/nofp/libc_nano.a(lib_a-findfp.o)
                0x0000000008006998                _cleanup_r
 .text.__sfmoreglue
                0x00000000080069a4       0x2c /opt/st/stm32cubeide_1.6.0/plugins/com.st.stm32cube.ide.mcu.externaltools.gnu-tools-for-stm32.9-2020-q2-update.linux64_1.5.0.202011040924/tools/bin/../lib/gcc/arm-none-eabi/9.3.1/../../../../arm-none-eabi/lib/thumb/v7-m/nofp/libc_nano.a(lib_a-findfp.o)
                0x00000000080069a4                __sfmoreglue
 .text.__sfp_lock_acquire
                0x00000000080069d0        0xc /opt/st/stm32cubeide_1.6.0/plugins/com.st.stm32cube.ide.mcu.externaltools.gnu-tools-for-stm32.9-2020-q2-update.linux64_1.5.0.202011040924/tools/bin/../lib/gcc/arm-none-eabi/9.3.1/../../../../arm-none-eabi/lib/thumb/v7-m/nofp/libc_nano.a(lib_a-findfp.o)
                0x00000000080069d0                __sfp_lock_acquire
 .text.__sfp_lock_release
                0x00000000080069dc        0xc /opt/st/stm32cubeide_1.6.0/plugins/com.st.stm32cube.ide.mcu.externaltools.gnu-tools-for-stm32.9-2020-q2-update.linux64_1.5.0.202011040924/tools/bin/../lib/gcc/arm-none-eabi/9.3.1/../../../../arm-none-eabi/lib/thumb/v7-m/nofp/libc_nano.a(lib_a-findfp.o)
                0x00000000080069dc                __sfp_lock_release
 .text.__sinit_lock_acquire
                0x00000000080069e8        0xc /opt/st/stm32cubeide_1.6.0/plugins/com.st.stm32cube.ide.mcu.externaltools.gnu-tools-for-stm32.9-2020-q2-update.linux64_1.5.0.202011040924/tools/bin/../lib/gcc/arm-none-eabi/9.3.1/../../../../arm-none-eabi/lib/thumb/v7-m/nofp/libc_nano.a(lib_a-findfp.o)
                0x00000000080069e8                __sinit_lock_acquire
 .text.__sinit_lock_release
                0x00000000080069f4        0xc /opt/st/stm32cubeide_1.6.0/plugins/com.st.stm32cube.ide.mcu.externaltools.gnu-tools-for-stm32.9-2020-q2-update.linux64_1.5.0.202011040924/tools/bin/../lib/gcc/arm-none-eabi/9.3.1/../../../../arm-none-eabi/lib/thumb/v7-m/nofp/libc_nano.a(lib_a-findfp.o)
                0x00000000080069f4                __sinit_lock_release
 .text.__sinit  0x0000000008006a00       0x70 /opt/st/stm32cubeide_1.6.0/plugins/com.st.stm32cube.ide.mcu.externaltools.gnu-tools-for-stm32.9-2020-q2-update.linux64_1.5.0.202011040924/tools/bin/../lib/gcc/arm-none-eabi/9.3.1/../../../../arm-none-eabi/lib/thumb/v7-m/nofp/libc_nano.a(lib_a-findfp.o)
                0x0000000008006a00                __sinit
 .text.__sfp    0x0000000008006a70       0x8c /opt/st/stm32cubeide_1.6.0/plugins/com.st.stm32cube.ide.mcu.externaltools.gnu-tools-for-stm32.9-2020-q2-update.linux64_1.5.0.202011040924/tools/bin/../lib/gcc/arm-none-eabi/9.3.1/../../../../arm-none-eabi/lib/thumb/v7-m/nofp/libc_nano.a(lib_a-findfp.o)
                0x0000000008006a70                __sfp
 .text._fwalk_reent
                0x0000000008006afc       0x3e /opt/st/stm32cubeide_1.6.0/plugins/com.st.stm32cube.ide.mcu.externaltools.gnu-tools-for-stm32.9-2020-q2-update.linux64_1.5.0.202011040924/tools/bin/../lib/gcc/arm-none-eabi/9.3.1/../../../../arm-none-eabi/lib/thumb/v7-m/nofp/libc_nano.a(lib_a-fwalk.o)
                0x0000000008006afc                _fwalk_reent
 .text.__retarget_lock_init_recursive
                0x0000000008006b3a        0x2 /opt/st/stm32cubeide_1.6.0/plugins/com.st.stm32cube.ide.mcu.externaltools.gnu-tools-for-stm32.9-2020-q2-update.linux64_1.5.0.202011040924/tools/bin/../lib/gcc/arm-none-eabi/9.3.1/../../../../arm-none-eabi/lib/thumb/v7-m/nofp/libc_nano.a(lib_a-lock.o)
                0x0000000008006b3a                __retarget_lock_init_recursive
 .text.__retarget_lock_acquire_recursive
                0x0000000008006b3c        0x2 /opt/st/stm32cubeide_1.6.0/plugins/com.st.stm32cube.ide.mcu.externaltools.gnu-tools-for-stm32.9-2020-q2-update.linux64_1.5.0.202011040924/tools/bin/../lib/gcc/arm-none-eabi/9.3.1/../../../../arm-none-eabi/lib/thumb/v7-m/nofp/libc_nano.a(lib_a-lock.o)
                0x0000000008006b3c                __retarget_lock_acquire_recursive
 .text.__retarget_lock_release_recursive
                0x0000000008006b3e        0x2 /opt/st/stm32cubeide_1.6.0/plugins/com.st.stm32cube.ide.mcu.externaltools.gnu-tools-for-stm32.9-2020-q2-update.linux64_1.5.0.202011040924/tools/bin/../lib/gcc/arm-none-eabi/9.3.1/../../../../arm-none-eabi/lib/thumb/v7-m/nofp/libc_nano.a(lib_a-lock.o)
                0x0000000008006b3e                __retarget_lock_release_recursive
 .text.__swhatbuf_r
                0x0000000008006b40       0x48 /opt/st/stm32cubeide_1.6.0/plugins/com.st.stm32cube.ide.mcu.externaltools.gnu-tools-for-stm32.9-2020-q2-update.linux64_1.5.0.202011040924/tools/bin/../lib/gcc/arm-none-eabi/9.3.1/../../../../arm-none-eabi/lib/thumb/v7-m/nofp/libc_nano.a(lib_a-makebuf.o)
                0x0000000008006b40                __swhatbuf_r
 .text.__smakebuf_r
                0x0000000008006b88       0x80 /opt/st/stm32cubeide_1.6.0/plugins/com.st.stm32cube.ide.mcu.externaltools.gnu-tools-for-stm32.9-2020-q2-update.linux64_1.5.0.202011040924/tools/bin/../lib/gcc/arm-none-eabi/9.3.1/../../../../arm-none-eabi/lib/thumb/v7-m/nofp/libc_nano.a(lib_a-makebuf.o)
                0x0000000008006b88                __smakebuf_r
 .text._free_r  0x0000000008006c08       0x98 /opt/st/stm32cubeide_1.6.0/plugins/com.st.stm32cube.ide.mcu.externaltools.gnu-tools-for-stm32.9-2020-q2-update.linux64_1.5.0.202011040924/tools/bin/../lib/gcc/arm-none-eabi/9.3.1/../../../../arm-none-eabi/lib/thumb/v7-m/nofp/libc_nano.a(lib_a-nano-freer.o)
                0x0000000008006c08                _free_r
 .text._malloc_r
                0x0000000008006ca0       0xb4 /opt/st/stm32cubeide_1.6.0/plugins/com.st.stm32cube.ide.mcu.externaltools.gnu-tools-for-stm32.9-2020-q2-update.linux64_1.5.0.202011040924/tools/bin/../lib/gcc/arm-none-eabi/9.3.1/../../../../arm-none-eabi/lib/thumb/v7-m/nofp/libc_nano.a(lib_a-nano-mallocr.o)
                0x0000000008006ca0                _malloc_r
 .text.__sfputc_r
                0x0000000008006d54       0x2a /opt/st/stm32cubeide_1.6.0/plugins/com.st.stm32cube.ide.mcu.externaltools.gnu-tools-for-stm32.9-2020-q2-update.linux64_1.5.0.202011040924/tools/bin/../lib/gcc/arm-none-eabi/9.3.1/../../../../arm-none-eabi/lib/thumb/v7-m/nofp/libc_nano.a(lib_a-nano-vfprintf.o)
 .text.__sfputs_r
                0x0000000008006d7e       0x24 /opt/st/stm32cubeide_1.6.0/plugins/com.st.stm32cube.ide.mcu.externaltools.gnu-tools-for-stm32.9-2020-q2-update.linux64_1.5.0.202011040924/tools/bin/../lib/gcc/arm-none-eabi/9.3.1/../../../../arm-none-eabi/lib/thumb/v7-m/nofp/libc_nano.a(lib_a-nano-vfprintf.o)
                0x0000000008006d7e                __sfputs_r
 *fill*         0x0000000008006da2        0x2 
 .text._vfprintf_r
                0x0000000008006da4      0x260 /opt/st/stm32cubeide_1.6.0/plugins/com.st.stm32cube.ide.mcu.externaltools.gnu-tools-for-stm32.9-2020-q2-update.linux64_1.5.0.202011040924/tools/bin/../lib/gcc/arm-none-eabi/9.3.1/../../../../arm-none-eabi/lib/thumb/v7-m/nofp/libc_nano.a(lib_a-nano-vfprintf.o)
                0x0000000008006da4                _vfiprintf_r
                0x0000000008006da4                _vfprintf_r
 .text._printf_common
                0x0000000008007004       0xde /opt/st/stm32cubeide_1.6.0/plugins/com.st.stm32cube.ide.mcu.externaltools.gnu-tools-for-stm32.9-2020-q2-update.linux64_1.5.0.202011040924/tools/bin/../lib/gcc/arm-none-eabi/9.3.1/../../../../arm-none-eabi/lib/thumb/v7-m/nofp/libc_nano.a(lib_a-nano-vfprintf_i.o)
                0x0000000008007004                _printf_common
 *fill*         0x00000000080070e2        0x2 
 .text._printf_i
                0x00000000080070e4      0x24c /opt/st/stm32cubeide_1.6.0/plugins/com.st.stm32cube.ide.mcu.externaltools.gnu-tools-for-stm32.9-2020-q2-update.linux64_1.5.0.202011040924/tools/bin/../lib/gcc/arm-none-eabi/9.3.1/../../../../arm-none-eabi/lib/thumb/v7-m/nofp/libc_nano.a(lib_a-nano-vfprintf_i.o)
                0x00000000080070e4                _printf_i
 .text._sbrk_r  0x0000000008007330       0x20 /opt/st/stm32cubeide_1.6.0/plugins/com.st.stm32cube.ide.mcu.externaltools.gnu-tools-for-stm32.9-2020-q2-update.linux64_1.5.0.202011040924/tools/bin/../lib/gcc/arm-none-eabi/9.3.1/../../../../arm-none-eabi/lib/thumb/v7-m/nofp/libc_nano.a(lib_a-sbrkr.o)
                0x0000000008007330                _sbrk_r
 .text.__sread  0x0000000008007350       0x22 /opt/st/stm32cubeide_1.6.0/plugins/com.st.stm32cube.ide.mcu.externaltools.gnu-tools-for-stm32.9-2020-q2-update.linux64_1.5.0.202011040924/tools/bin/../lib/gcc/arm-none-eabi/9.3.1/../../../../arm-none-eabi/lib/thumb/v7-m/nofp/libc_nano.a(lib_a-stdio.o)
                0x0000000008007350                __sread
 .text.__swrite
                0x0000000008007372       0x38 /opt/st/stm32cubeide_1.6.0/plugins/com.st.stm32cube.ide.mcu.externaltools.gnu-tools-for-stm32.9-2020-q2-update.linux64_1.5.0.202011040924/tools/bin/../lib/gcc/arm-none-eabi/9.3.1/../../../../arm-none-eabi/lib/thumb/v7-m/nofp/libc_nano.a(lib_a-stdio.o)
                0x0000000008007372                __swrite
 .text.__sseek  0x00000000080073aa       0x24 /opt/st/stm32cubeide_1.6.0/plugins/com.st.stm32cube.ide.mcu.externaltools.gnu-tools-for-stm32.9-2020-q2-update.linux64_1.5.0.202011040924/tools/bin/../lib/gcc/arm-none-eabi/9.3.1/../../../../arm-none-eabi/lib/thumb/v7-m/nofp/libc_nano.a(lib_a-stdio.o)
                0x00000000080073aa                __sseek
 .text.__sclose
                0x00000000080073ce        0x8 /opt/st/stm32cubeide_1.6.0/plugins/com.st.stm32cube.ide.mcu.externaltools.gnu-tools-for-stm32.9-2020-q2-update.linux64_1.5.0.202011040924/tools/bin/../lib/gcc/arm-none-eabi/9.3.1/../../../../arm-none-eabi/lib/thumb/v7-m/nofp/libc_nano.a(lib_a-stdio.o)
                0x00000000080073ce                __sclose
 *fill*         0x00000000080073d6        0x2 
 .text._write_r
                0x00000000080073d8       0x24 /opt/st/stm32cubeide_1.6.0/plugins/com.st.stm32cube.ide.mcu.externaltools.gnu-tools-for-stm32.9-2020-q2-update.linux64_1.5.0.202011040924/tools/bin/../lib/gcc/arm-none-eabi/9.3.1/../../../../arm-none-eabi/lib/thumb/v7-m/nofp/libc_nano.a(lib_a-writer.o)
                0x00000000080073d8                _write_r
 .text._close_r
                0x00000000080073fc       0x20 /opt/st/stm32cubeide_1.6.0/plugins/com.st.stm32cube.ide.mcu.externaltools.gnu-tools-for-stm32.9-2020-q2-update.linux64_1.5.0.202011040924/tools/bin/../lib/gcc/arm-none-eabi/9.3.1/../../../../arm-none-eabi/lib/thumb/v7-m/nofp/libc_nano.a(lib_a-closer.o)
                0x00000000080073fc                _close_r
 .text._fstat_r
                0x000000000800741c       0x24 /opt/st/stm32cubeide_1.6.0/plugins/com.st.stm32cube.ide.mcu.externaltools.gnu-tools-for-stm32.9-2020-q2-update.linux64_1.5.0.202011040924/tools/bin/../lib/gcc/arm-none-eabi/9.3.1/../../../../arm-none-eabi/lib/thumb/v7-m/nofp/libc_nano.a(lib_a-fstatr.o)
                0x000000000800741c                _fstat_r
 .text._isatty_r
                0x0000000008007440       0x20 /opt/st/stm32cubeide_1.6.0/plugins/com.st.stm32cube.ide.mcu.externaltools.gnu-tools-for-stm32.9-2020-q2-update.linux64_1.5.0.202011040924/tools/bin/../lib/gcc/arm-none-eabi/9.3.1/../../../../arm-none-eabi/lib/thumb/v7-m/nofp/libc_nano.a(lib_a-isattyr.o)
                0x0000000008007440                _isatty_r
 .text._lseek_r
                0x0000000008007460       0x24 /opt/st/stm32cubeide_1.6.0/plugins/com.st.stm32cube.ide.mcu.externaltools.gnu-tools-for-stm32.9-2020-q2-update.linux64_1.5.0.202011040924/tools/bin/../lib/gcc/arm-none-eabi/9.3.1/../../../../arm-none-eabi/lib/thumb/v7-m/nofp/libc_nano.a(lib_a-lseekr.o)
                0x0000000008007460                _lseek_r
 .text.memchr   0x0000000008007484       0x1c /opt/st/stm32cubeide_1.6.0/plugins/com.st.stm32cube.ide.mcu.externaltools.gnu-tools-for-stm32.9-2020-q2-update.linux64_1.5.0.202011040924/tools/bin/../lib/gcc/arm-none-eabi/9.3.1/../../../../arm-none-eabi/lib/thumb/v7-m/nofp/libc_nano.a(lib_a-memchr-stub.o)
                0x0000000008007484                memchr
 .text.__malloc_lock
                0x00000000080074a0        0xc /opt/st/stm32cubeide_1.6.0/plugins/com.st.stm32cube.ide.mcu.externaltools.gnu-tools-for-stm32.9-2020-q2-update.linux64_1.5.0.202011040924/tools/bin/../lib/gcc/arm-none-eabi/9.3.1/../../../../arm-none-eabi/lib/thumb/v7-m/nofp/libc_nano.a(lib_a-mlock.o)
                0x00000000080074a0                __malloc_lock
 .text.__malloc_unlock
                0x00000000080074ac        0xc /opt/st/stm32cubeide_1.6.0/plugins/com.st.stm32cube.ide.mcu.externaltools.gnu-tools-for-stm32.9-2020-q2-update.linux64_1.5.0.202011040924/tools/bin/../lib/gcc/arm-none-eabi/9.3.1/../../../../arm-none-eabi/lib/thumb/v7-m/nofp/libc_nano.a(lib_a-mlock.o)
                0x00000000080074ac                __malloc_unlock
 .text._read_r  0x00000000080074b8       0x24 /opt/st/stm32cubeide_1.6.0/plugins/com.st.stm32cube.ide.mcu.externaltools.gnu-tools-for-stm32.9-2020-q2-update.linux64_1.5.0.202011040924/tools/bin/../lib/gcc/arm-none-eabi/9.3.1/../../../../arm-none-eabi/lib/thumb/v7-m/nofp/libc_nano.a(lib_a-readr.o)
                0x00000000080074b8                _read_r
 *(.glue_7)
 .glue_7        0x00000000080074dc        0x0 linker stubs
 *(.glue_7t)
 .glue_7t       0x00000000080074dc        0x0 linker stubs
 *(.eh_frame)
 .eh_frame      0x00000000080074dc        0x0 /opt/st/stm32cubeide_1.6.0/plugins/com.st.stm32cube.ide.mcu.externaltools.gnu-tools-for-stm32.9-2020-q2-update.linux64_1.5.0.202011040924/tools/bin/../lib/gcc/arm-none-eabi/9.3.1/thumb/v7-m/nofp/crtbegin.o
 *(.init)
 .init          0x00000000080074dc        0x4 /opt/st/stm32cubeide_1.6.0/plugins/com.st.stm32cube.ide.mcu.externaltools.gnu-tools-for-stm32.9-2020-q2-update.linux64_1.5.0.202011040924/tools/bin/../lib/gcc/arm-none-eabi/9.3.1/thumb/v7-m/nofp/crti.o
                0x00000000080074dc                _init
 .init          0x00000000080074e0        0x8 /opt/st/stm32cubeide_1.6.0/plugins/com.st.stm32cube.ide.mcu.externaltools.gnu-tools-for-stm32.9-2020-q2-update.linux64_1.5.0.202011040924/tools/bin/../lib/gcc/arm-none-eabi/9.3.1/thumb/v7-m/nofp/crtn.o
 *(.fini)
 .fini          0x00000000080074e8        0x4 /opt/st/stm32cubeide_1.6.0/plugins/com.st.stm32cube.ide.mcu.externaltools.gnu-tools-for-stm32.9-2020-q2-update.linux64_1.5.0.202011040924/tools/bin/../lib/gcc/arm-none-eabi/9.3.1/thumb/v7-m/nofp/crti.o
                0x00000000080074e8                _fini
 .fini          0x00000000080074ec        0x8 /opt/st/stm32cubeide_1.6.0/plugins/com.st.stm32cube.ide.mcu.externaltools.gnu-tools-for-stm32.9-2020-q2-update.linux64_1.5.0.202011040924/tools/bin/../lib/gcc/arm-none-eabi/9.3.1/thumb/v7-m/nofp/crtn.o
                0x00000000080074f4                . = ALIGN (0x4)
                0x00000000080074f4                _etext = .

.vfp11_veneer   0x00000000080074f4        0x0
 .vfp11_veneer  0x00000000080074f4        0x0 linker stubs

.v4_bx          0x00000000080074f4        0x0
 .v4_bx         0x00000000080074f4        0x0 linker stubs

.iplt           0x00000000080074f4        0x0
 .iplt          0x00000000080074f4        0x0 /opt/st/stm32cubeide_1.6.0/plugins/com.st.stm32cube.ide.mcu.externaltools.gnu-tools-for-stm32.9-2020-q2-update.linux64_1.5.0.202011040924/tools/bin/../lib/gcc/arm-none-eabi/9.3.1/thumb/v7-m/nofp/crtbegin.o

.rodata         0x00000000080074f4      0x348
                0x00000000080074f4                . = ALIGN (0x4)
 *(.rodata)
 .rodata        0x00000000080074f4      0x1c3 Core/Src/main.o
 *fill*         0x00000000080076b7        0x1 
 .rodata        0x00000000080076b8       0x10 Drivers/STM32F1xx_HAL_Driver/Src/stm32f1xx_hal_rcc.o
 .rodata        0x00000000080076c8       0x44 Middlewares/Third_Party/FatFs/src/ff.o
 *(.rodata*)
 .rodata.AHBPrescTable
                0x000000000800770c       0x10 Core/Src/system_stm32f1xx.o
                0x000000000800770c                AHBPrescTable
 .rodata.APBPrescTable
                0x000000000800771c        0x8 Core/Src/system_stm32f1xx.o
                0x000000000800771c                APBPrescTable
 .rodata.ExCvt  0x0000000008007724       0x80 Middlewares/Third_Party/FatFs/src/ff.o
 .rodata._global_impure_ptr
                0x00000000080077a4        0x4 /opt/st/stm32cubeide_1.6.0/plugins/com.st.stm32cube.ide.mcu.externaltools.gnu-tools-for-stm32.9-2020-q2-update.linux64_1.5.0.202011040924/tools/bin/../lib/gcc/arm-none-eabi/9.3.1/../../../../arm-none-eabi/lib/thumb/v7-m/nofp/libc_nano.a(lib_a-impure.o)
                0x00000000080077a4                _global_impure_ptr
 .rodata.__sf_fake_stderr
                0x00000000080077a8       0x20 /opt/st/stm32cubeide_1.6.0/plugins/com.st.stm32cube.ide.mcu.externaltools.gnu-tools-for-stm32.9-2020-q2-update.linux64_1.5.0.202011040924/tools/bin/../lib/gcc/arm-none-eabi/9.3.1/../../../../arm-none-eabi/lib/thumb/v7-m/nofp/libc_nano.a(lib_a-findfp.o)
                0x00000000080077a8                __sf_fake_stderr
 .rodata.__sf_fake_stdin
                0x00000000080077c8       0x20 /opt/st/stm32cubeide_1.6.0/plugins/com.st.stm32cube.ide.mcu.externaltools.gnu-tools-for-stm32.9-2020-q2-update.linux64_1.5.0.202011040924/tools/bin/../lib/gcc/arm-none-eabi/9.3.1/../../../../arm-none-eabi/lib/thumb/v7-m/nofp/libc_nano.a(lib_a-findfp.o)
                0x00000000080077c8                __sf_fake_stdin
 .rodata.__sf_fake_stdout
                0x00000000080077e8       0x20 /opt/st/stm32cubeide_1.6.0/plugins/com.st.stm32cube.ide.mcu.externaltools.gnu-tools-for-stm32.9-2020-q2-update.linux64_1.5.0.202011040924/tools/bin/../lib/gcc/arm-none-eabi/9.3.1/../../../../arm-none-eabi/lib/thumb/v7-m/nofp/libc_nano.a(lib_a-findfp.o)
                0x00000000080077e8                __sf_fake_stdout
 .rodata._vfprintf_r.str1.1
                0x0000000008007808       0x11 /opt/st/stm32cubeide_1.6.0/plugins/com.st.stm32cube.ide.mcu.externaltools.gnu-tools-for-stm32.9-2020-q2-update.linux64_1.5.0.202011040924/tools/bin/../lib/gcc/arm-none-eabi/9.3.1/../../../../arm-none-eabi/lib/thumb/v7-m/nofp/libc_nano.a(lib_a-nano-vfprintf.o)
 .rodata._printf_i.str1.1
                0x0000000008007819       0x22 /opt/st/stm32cubeide_1.6.0/plugins/com.st.stm32cube.ide.mcu.externaltools.gnu-tools-for-stm32.9-2020-q2-update.linux64_1.5.0.202011040924/tools/bin/../lib/gcc/arm-none-eabi/9.3.1/../../../../arm-none-eabi/lib/thumb/v7-m/nofp/libc_nano.a(lib_a-nano-vfprintf_i.o)
                0x000000000800783c                . = ALIGN (0x4)
 *fill*         0x000000000800783b        0x1 

.rel.dyn        0x000000000800783c        0x0
 .rel.iplt      0x000000000800783c        0x0 /opt/st/stm32cubeide_1.6.0/plugins/com.st.stm32cube.ide.mcu.externaltools.gnu-tools-for-stm32.9-2020-q2-update.linux64_1.5.0.202011040924/tools/bin/../lib/gcc/arm-none-eabi/9.3.1/thumb/v7-m/nofp/crtbegin.o

.ARM.extab      0x000000000800783c        0x0
                0x000000000800783c                . = ALIGN (0x4)
 *(.ARM.extab* .gnu.linkonce.armextab.*)
                0x000000000800783c                . = ALIGN (0x4)

.ARM            0x000000000800783c        0x0
                0x000000000800783c                . = ALIGN (0x4)
                0x000000000800783c                __exidx_start = .
 *(.ARM.exidx*)
                0x000000000800783c                __exidx_end = .
                0x000000000800783c                . = ALIGN (0x4)

.preinit_array  0x000000000800783c        0x0
                0x000000000800783c                . = ALIGN (0x4)
                0x000000000800783c                PROVIDE (__preinit_array_start = .)
 *(.preinit_array*)
                0x000000000800783c                PROVIDE (__preinit_array_end = .)
                0x000000000800783c                . = ALIGN (0x4)

.init_array     0x000000000800783c        0x4
                0x000000000800783c                . = ALIGN (0x4)
                0x000000000800783c                PROVIDE (__init_array_start = .)
 *(SORT_BY_NAME(.init_array.*))
 *(.init_array*)
 .init_array    0x000000000800783c        0x4 /opt/st/stm32cubeide_1.6.0/plugins/com.st.stm32cube.ide.mcu.externaltools.gnu-tools-for-stm32.9-2020-q2-update.linux64_1.5.0.202011040924/tools/bin/../lib/gcc/arm-none-eabi/9.3.1/thumb/v7-m/nofp/crtbegin.o
                0x0000000008007840                PROVIDE (__init_array_end = .)
                0x0000000008007840                . = ALIGN (0x4)

.fini_array     0x0000000008007840        0x4
                0x0000000008007840                . = ALIGN (0x4)
                [!provide]                        PROVIDE (__fini_array_start = .)
 *(SORT_BY_NAME(.fini_array.*))
 *(.fini_array*)
 .fini_array    0x0000000008007840        0x4 /opt/st/stm32cubeide_1.6.0/plugins/com.st.stm32cube.ide.mcu.externaltools.gnu-tools-for-stm32.9-2020-q2-update.linux64_1.5.0.202011040924/tools/bin/../lib/gcc/arm-none-eabi/9.3.1/thumb/v7-m/nofp/crtbegin.o
                [!provide]                        PROVIDE (__fini_array_end = .)
                0x0000000008007844                . = ALIGN (0x4)
                0x0000000008007844                _sidata = LOADADDR (.data)

.data           0x0000000020000000       0x84 load address 0x0000000008007844
                0x0000000020000000                . = ALIGN (0x4)
                0x0000000020000000                _sdata = .
 *(.data)
 *(.data*)
 .data.SystemCoreClock
                0x0000000020000000        0x4 Core/Src/system_stm32f1xx.o
                0x0000000020000000                SystemCoreClock
 .data.uwTickPrio
                0x0000000020000004        0x4 Drivers/STM32F1xx_HAL_Driver/Src/stm32f1xx_hal.o
                0x0000000020000004                uwTickPrio
 .data.uwTickFreq
                0x0000000020000008        0x1 Drivers/STM32F1xx_HAL_Driver/Src/stm32f1xx_hal.o
                0x0000000020000008                uwTickFreq
 .data.Stat     0x0000000020000009        0x1 FATFS/Target/fatfs_sd.o
 *fill*         0x000000002000000a        0x2 
 .data.USER_Driver
                0x000000002000000c       0x14 FATFS/Target/user_diskio.o
                0x000000002000000c                USER_Driver
 .data._impure_ptr
                0x0000000020000020        0x4 /opt/st/stm32cubeide_1.6.0/plugins/com.st.stm32cube.ide.mcu.externaltools.gnu-tools-for-stm32.9-2020-q2-update.linux64_1.5.0.202011040924/tools/bin/../lib/gcc/arm-none-eabi/9.3.1/../../../../arm-none-eabi/lib/thumb/v7-m/nofp/libc_nano.a(lib_a-impure.o)
                0x0000000020000020                _impure_ptr
 .data.impure_data
                0x0000000020000024       0x60 /opt/st/stm32cubeide_1.6.0/plugins/com.st.stm32cube.ide.mcu.externaltools.gnu-tools-for-stm32.9-2020-q2-update.linux64_1.5.0.202011040924/tools/bin/../lib/gcc/arm-none-eabi/9.3.1/../../../../arm-none-eabi/lib/thumb/v7-m/nofp/libc_nano.a(lib_a-impure.o)
 *(.RamFunc)
 *(.RamFunc*)
                0x0000000020000084                . = ALIGN (0x4)
                0x0000000020000084                _edata = .

.igot.plt       0x0000000020000084        0x0 load address 0x00000000080078c8
 .igot.plt      0x0000000020000084        0x0 /opt/st/stm32cubeide_1.6.0/plugins/com.st.stm32cube.ide.mcu.externaltools.gnu-tools-for-stm32.9-2020-q2-update.linux64_1.5.0.202011040924/tools/bin/../lib/gcc/arm-none-eabi/9.3.1/thumb/v7-m/nofp/crtbegin.o
                0x0000000020000084                . = ALIGN (0x4)

.bss            0x0000000020000084     0x41cc load address 0x00000000080078c8
                0x0000000020000084                _sbss = .
                0x0000000020000084                __bss_start__ = _sbss
 *(.bss)
 .bss           0x0000000020000084       0x1c /opt/st/stm32cubeide_1.6.0/plugins/com.st.stm32cube.ide.mcu.externaltools.gnu-tools-for-stm32.9-2020-q2-update.linux64_1.5.0.202011040924/tools/bin/../lib/gcc/arm-none-eabi/9.3.1/thumb/v7-m/nofp/crtbegin.o
 *(.bss*)
 .bss.__sbrk_heap_end
                0x00000000200000a0        0x4 Core/Src/sysmem.o
 .bss.CardType  0x00000000200000a4        0x1 FATFS/Target/fatfs_sd.o
 .bss.PowerFlag
                0x00000000200000a5        0x1 FATFS/Target/fatfs_sd.o
 *fill*         0x00000000200000a6        0x2 
 .bss.FatFs     0x00000000200000a8        0x4 Middlewares/Third_Party/FatFs/src/ff.o
 .bss.Fsid      0x00000000200000ac        0x2 Middlewares/Third_Party/FatFs/src/ff.o
 *fill*         0x00000000200000ae        0x2 
 .bss.Files     0x00000000200000b0       0x18 Middlewares/Third_Party/FatFs/src/ff.o
 .bss.disk      0x00000000200000c8        0xc Middlewares/Third_Party/FatFs/src/ff_gen_drv.o
                0x00000000200000c8                disk
 .bss.__malloc_free_list
                0x00000000200000d4        0x4 /opt/st/stm32cubeide_1.6.0/plugins/com.st.stm32cube.ide.mcu.externaltools.gnu-tools-for-stm32.9-2020-q2-update.linux64_1.5.0.202011040924/tools/bin/../lib/gcc/arm-none-eabi/9.3.1/../../../../arm-none-eabi/lib/thumb/v7-m/nofp/libc_nano.a(lib_a-nano-mallocr.o)
                0x00000000200000d4                __malloc_free_list
 .bss.__malloc_sbrk_start
                0x00000000200000d8        0x4 /opt/st/stm32cubeide_1.6.0/plugins/com.st.stm32cube.ide.mcu.externaltools.gnu-tools-for-stm32.9-2020-q2-update.linux64_1.5.0.202011040924/tools/bin/../lib/gcc/arm-none-eabi/9.3.1/../../../../arm-none-eabi/lib/thumb/v7-m/nofp/libc_nano.a(lib_a-nano-mallocr.o)
                0x00000000200000d8                __malloc_sbrk_start
 *(COMMON)
 COMMON         0x00000000200000dc     0x20f8 Core/Src/main.o
                0x00000000200000dc                FatFs
                0x000000002000110c                hspi1
                0x0000000020001164                huart2
                0x00000000200011a4                fres
                0x00000000200011a8                fil
 COMMON         0x00000000200021d4        0x4 Drivers/STM32F1xx_HAL_Driver/Src/stm32f1xx_hal.o
                0x00000000200021d4                uwTick
 COMMON         0x00000000200021d8     0x2064 FATFS/App/fatfs.o
                0x00000000200021d8                USERPath
                0x00000000200021dc                retUSER
                0x00000000200021e0                USERFile
                0x000000002000320c                USERFatFS
 COMMON         0x000000002000423c        0x4 FATFS/Target/fatfs_sd.o
                0x000000002000423c                Timer2
                0x000000002000423e                Timer1
 COMMON         0x0000000020004240        0x9 /opt/st/stm32cubeide_1.6.0/plugins/com.st.stm32cube.ide.mcu.externaltools.gnu-tools-for-stm32.9-2020-q2-update.linux64_1.5.0.202011040924/tools/bin/../lib/gcc/arm-none-eabi/9.3.1/../../../../arm-none-eabi/lib/thumb/v7-m/nofp/libc_nano.a(lib_a-lock.o)
                0x0000000020004240                __lock___atexit_recursive_mutex
                0x0000000020004241                __lock___arc4random_mutex
                0x0000000020004242                __lock___env_recursive_mutex
                0x0000000020004243                __lock___sinit_recursive_mutex
                0x0000000020004244                __lock___malloc_recursive_mutex
                0x0000000020004245                __lock___at_quick_exit_mutex
                0x0000000020004246                __lock___dd_hash_mutex
                0x0000000020004247                __lock___tz_mutex
                0x0000000020004248                __lock___sfp_recursive_mutex
 *fill*         0x0000000020004249        0x3 
 COMMON         0x000000002000424c        0x4 /opt/st/stm32cubeide_1.6.0/plugins/com.st.stm32cube.ide.mcu.externaltools.gnu-tools-for-stm32.9-2020-q2-update.linux64_1.5.0.202011040924/tools/bin/../lib/gcc/arm-none-eabi/9.3.1/../../../../arm-none-eabi/lib/thumb/v7-m/nofp/libc_nano.a(lib_a-reent.o)
                0x000000002000424c                errno
                0x0000000020004250                . = ALIGN (0x4)
                0x0000000020004250                _ebss = .
                0x0000000020004250                __bss_end__ = _ebss

._user_heap_stack
                0x0000000020004250      0x600 load address 0x00000000080078c8
                0x0000000020004250                . = ALIGN (0x8)
                [!provide]                        PROVIDE (end = .)
                0x0000000020004250                PROVIDE (_end = .)
                0x0000000020004450                . = (. + _Min_Heap_Size)
 *fill*         0x0000000020004250      0x200 
                0x0000000020004850                . = (. + _Min_Stack_Size)
 *fill*         0x0000000020004450      0x400 
                0x0000000020004850                . = ALIGN (0x8)

/DISCARD/
 libc.a(*)
 libm.a(*)
 libgcc.a(*)

.ARM.attributes
                0x0000000000000000       0x29
 *(.ARM.attributes)
 .ARM.attributes
                0x0000000000000000       0x1d /opt/st/stm32cubeide_1.6.0/plugins/com.st.stm32cube.ide.mcu.externaltools.gnu-tools-for-stm32.9-2020-q2-update.linux64_1.5.0.202011040924/tools/bin/../lib/gcc/arm-none-eabi/9.3.1/thumb/v7-m/nofp/crti.o
 .ARM.attributes
                0x000000000000001d       0x2d /opt/st/stm32cubeide_1.6.0/plugins/com.st.stm32cube.ide.mcu.externaltools.gnu-tools-for-stm32.9-2020-q2-update.linux64_1.5.0.202011040924/tools/bin/../lib/gcc/arm-none-eabi/9.3.1/thumb/v7-m/nofp/crtbegin.o
 .ARM.attributes
                0x000000000000004a       0x2d Core/Src/main.o
 .ARM.attributes
                0x0000000000000077       0x2d Core/Src/stm32f1xx_hal_msp.o
 .ARM.attributes
                0x00000000000000a4       0x2d Core/Src/stm32f1xx_it.o
 .ARM.attributes
                0x00000000000000d1       0x2d Core/Src/syscalls.o
 .ARM.attributes
                0x00000000000000fe       0x2d Core/Src/sysmem.o
 .ARM.attributes
                0x000000000000012b       0x2d Core/Src/system_stm32f1xx.o
 .ARM.attributes
                0x0000000000000158       0x21 Core/Startup/startup_stm32f103c8tx.o
 .ARM.attributes
                0x0000000000000179       0x2d Drivers/STM32F1xx_HAL_Driver/Src/stm32f1xx_hal.o
 .ARM.attributes
                0x00000000000001a6       0x2d Drivers/STM32F1xx_HAL_Driver/Src/stm32f1xx_hal_cortex.o
 .ARM.attributes
                0x00000000000001d3       0x2d Drivers/STM32F1xx_HAL_Driver/Src/stm32f1xx_hal_gpio.o
 .ARM.attributes
                0x0000000000000200       0x2d Drivers/STM32F1xx_HAL_Driver/Src/stm32f1xx_hal_rcc.o
 .ARM.attributes
                0x000000000000022d       0x2d Drivers/STM32F1xx_HAL_Driver/Src/stm32f1xx_hal_spi.o
 .ARM.attributes
                0x000000000000025a       0x2d Drivers/STM32F1xx_HAL_Driver/Src/stm32f1xx_hal_uart.o
 .ARM.attributes
                0x0000000000000287       0x2d FATFS/App/fatfs.o
 .ARM.attributes
                0x00000000000002b4       0x2d FATFS/Target/fatfs_sd.o
 .ARM.attributes
                0x00000000000002e1       0x2d FATFS/Target/user_diskio.o
 .ARM.attributes
                0x000000000000030e       0x2d Middlewares/Third_Party/FatFs/src/diskio.o
 .ARM.attributes
                0x000000000000033b       0x2d Middlewares/Third_Party/FatFs/src/ff.o
 .ARM.attributes
                0x0000000000000368       0x2d Middlewares/Third_Party/FatFs/src/ff_gen_drv.o
 .ARM.attributes
                0x0000000000000395       0x2d /opt/st/stm32cubeide_1.6.0/plugins/com.st.stm32cube.ide.mcu.externaltools.gnu-tools-for-stm32.9-2020-q2-update.linux64_1.5.0.202011040924/tools/bin/../lib/gcc/arm-none-eabi/9.3.1/../../../../arm-none-eabi/lib/thumb/v7-m/nofp/libc_nano.a(lib_a-errno.o)
 .ARM.attributes
                0x00000000000003c2       0x2d /opt/st/stm32cubeide_1.6.0/plugins/com.st.stm32cube.ide.mcu.externaltools.gnu-tools-for-stm32.9-2020-q2-update.linux64_1.5.0.202011040924/tools/bin/../lib/gcc/arm-none-eabi/9.3.1/../../../../arm-none-eabi/lib/thumb/v7-m/nofp/libc_nano.a(lib_a-impure.o)
 .ARM.attributes
                0x00000000000003ef       0x2d /opt/st/stm32cubeide_1.6.0/plugins/com.st.stm32cube.ide.mcu.externaltools.gnu-tools-for-stm32.9-2020-q2-update.linux64_1.5.0.202011040924/tools/bin/../lib/gcc/arm-none-eabi/9.3.1/../../../../arm-none-eabi/lib/thumb/v7-m/nofp/libc_nano.a(lib_a-init.o)
 .ARM.attributes
                0x000000000000041c       0x2d /opt/st/stm32cubeide_1.6.0/plugins/com.st.stm32cube.ide.mcu.externaltools.gnu-tools-for-stm32.9-2020-q2-update.linux64_1.5.0.202011040924/tools/bin/../lib/gcc/arm-none-eabi/9.3.1/../../../../arm-none-eabi/lib/thumb/v7-m/nofp/libc_nano.a(lib_a-memset.o)
 .ARM.attributes
                0x0000000000000449       0x2d /opt/st/stm32cubeide_1.6.0/plugins/com.st.stm32cube.ide.mcu.externaltools.gnu-tools-for-stm32.9-2020-q2-update.linux64_1.5.0.202011040924/tools/bin/../lib/gcc/arm-none-eabi/9.3.1/../../../../arm-none-eabi/lib/thumb/v7-m/nofp/libc_nano.a(lib_a-printf.o)
 .ARM.attributes
                0x0000000000000476       0x2d /opt/st/stm32cubeide_1.6.0/plugins/com.st.stm32cube.ide.mcu.externaltools.gnu-tools-for-stm32.9-2020-q2-update.linux64_1.5.0.202011040924/tools/bin/../lib/gcc/arm-none-eabi/9.3.1/../../../../arm-none-eabi/lib/thumb/v7-m/nofp/libc_nano.a(lib_a-puts.o)
 .ARM.attributes
                0x00000000000004a3       0x2d /opt/st/stm32cubeide_1.6.0/plugins/com.st.stm32cube.ide.mcu.externaltools.gnu-tools-for-stm32.9-2020-q2-update.linux64_1.5.0.202011040924/tools/bin/../lib/gcc/arm-none-eabi/9.3.1/../../../../arm-none-eabi/lib/thumb/v7-m/nofp/libc_nano.a(lib_a-strncpy.o)
 .ARM.attributes
                0x00000000000004d0       0x2d /opt/st/stm32cubeide_1.6.0/plugins/com.st.stm32cube.ide.mcu.externaltools.gnu-tools-for-stm32.9-2020-q2-update.linux64_1.5.0.202011040924/tools/bin/../lib/gcc/arm-none-eabi/9.3.1/../../../../arm-none-eabi/lib/thumb/v7-m/nofp/libc_nano.a(lib_a-wbuf.o)
 .ARM.attributes
                0x00000000000004fd       0x2d /opt/st/stm32cubeide_1.6.0/plugins/com.st.stm32cube.ide.mcu.externaltools.gnu-tools-for-stm32.9-2020-q2-update.linux64_1.5.0.202011040924/tools/bin/../lib/gcc/arm-none-eabi/9.3.1/../../../../arm-none-eabi/lib/thumb/v7-m/nofp/libc_nano.a(lib_a-wsetup.o)
 .ARM.attributes
                0x000000000000052a       0x2d /opt/st/stm32cubeide_1.6.0/plugins/com.st.stm32cube.ide.mcu.externaltools.gnu-tools-for-stm32.9-2020-q2-update.linux64_1.5.0.202011040924/tools/bin/../lib/gcc/arm-none-eabi/9.3.1/../../../../arm-none-eabi/lib/thumb/v7-m/nofp/libc_nano.a(lib_a-fflush.o)
 .ARM.attributes
                0x0000000000000557       0x2d /opt/st/stm32cubeide_1.6.0/plugins/com.st.stm32cube.ide.mcu.externaltools.gnu-tools-for-stm32.9-2020-q2-update.linux64_1.5.0.202011040924/tools/bin/../lib/gcc/arm-none-eabi/9.3.1/../../../../arm-none-eabi/lib/thumb/v7-m/nofp/libc_nano.a(lib_a-findfp.o)
 .ARM.attributes
                0x0000000000000584       0x2d /opt/st/stm32cubeide_1.6.0/plugins/com.st.stm32cube.ide.mcu.externaltools.gnu-tools-for-stm32.9-2020-q2-update.linux64_1.5.0.202011040924/tools/bin/../lib/gcc/arm-none-eabi/9.3.1/../../../../arm-none-eabi/lib/thumb/v7-m/nofp/libc_nano.a(lib_a-fwalk.o)
 .ARM.attributes
                0x00000000000005b1       0x2d /opt/st/stm32cubeide_1.6.0/plugins/com.st.stm32cube.ide.mcu.externaltools.gnu-tools-for-stm32.9-2020-q2-update.linux64_1.5.0.202011040924/tools/bin/../lib/gcc/arm-none-eabi/9.3.1/../../../../arm-none-eabi/lib/thumb/v7-m/nofp/libc_nano.a(lib_a-lock.o)
 .ARM.attributes
                0x00000000000005de       0x2d /opt/st/stm32cubeide_1.6.0/plugins/com.st.stm32cube.ide.mcu.externaltools.gnu-tools-for-stm32.9-2020-q2-update.linux64_1.5.0.202011040924/tools/bin/../lib/gcc/arm-none-eabi/9.3.1/../../../../arm-none-eabi/lib/thumb/v7-m/nofp/libc_nano.a(lib_a-makebuf.o)
 .ARM.attributes
                0x000000000000060b       0x2d /opt/st/stm32cubeide_1.6.0/plugins/com.st.stm32cube.ide.mcu.externaltools.gnu-tools-for-stm32.9-2020-q2-update.linux64_1.5.0.202011040924/tools/bin/../lib/gcc/arm-none-eabi/9.3.1/../../../../arm-none-eabi/lib/thumb/v7-m/nofp/libc_nano.a(lib_a-nano-freer.o)
 .ARM.attributes
                0x0000000000000638       0x2d /opt/st/stm32cubeide_1.6.0/plugins/com.st.stm32cube.ide.mcu.externaltools.gnu-tools-for-stm32.9-2020-q2-update.linux64_1.5.0.202011040924/tools/bin/../lib/gcc/arm-none-eabi/9.3.1/../../../../arm-none-eabi/lib/thumb/v7-m/nofp/libc_nano.a(lib_a-nano-mallocr.o)
 .ARM.attributes
                0x0000000000000665       0x2d /opt/st/stm32cubeide_1.6.0/plugins/com.st.stm32cube.ide.mcu.externaltools.gnu-tools-for-stm32.9-2020-q2-update.linux64_1.5.0.202011040924/tools/bin/../lib/gcc/arm-none-eabi/9.3.1/../../../../arm-none-eabi/lib/thumb/v7-m/nofp/libc_nano.a(lib_a-nano-vfprintf.o)
 .ARM.attributes
                0x0000000000000692       0x2d /opt/st/stm32cubeide_1.6.0/plugins/com.st.stm32cube.ide.mcu.externaltools.gnu-tools-for-stm32.9-2020-q2-update.linux64_1.5.0.202011040924/tools/bin/../lib/gcc/arm-none-eabi/9.3.1/../../../../arm-none-eabi/lib/thumb/v7-m/nofp/libc_nano.a(lib_a-nano-vfprintf_i.o)
 .ARM.attributes
                0x00000000000006bf       0x2d /opt/st/stm32cubeide_1.6.0/plugins/com.st.stm32cube.ide.mcu.externaltools.gnu-tools-for-stm32.9-2020-q2-update.linux64_1.5.0.202011040924/tools/bin/../lib/gcc/arm-none-eabi/9.3.1/../../../../arm-none-eabi/lib/thumb/v7-m/nofp/libc_nano.a(lib_a-sbrkr.o)
 .ARM.attributes
                0x00000000000006ec       0x2d /opt/st/stm32cubeide_1.6.0/plugins/com.st.stm32cube.ide.mcu.externaltools.gnu-tools-for-stm32.9-2020-q2-update.linux64_1.5.0.202011040924/tools/bin/../lib/gcc/arm-none-eabi/9.3.1/../../../../arm-none-eabi/lib/thumb/v7-m/nofp/libc_nano.a(lib_a-stdio.o)
 .ARM.attributes
                0x0000000000000719       0x2d /opt/st/stm32cubeide_1.6.0/plugins/com.st.stm32cube.ide.mcu.externaltools.gnu-tools-for-stm32.9-2020-q2-update.linux64_1.5.0.202011040924/tools/bin/../lib/gcc/arm-none-eabi/9.3.1/../../../../arm-none-eabi/lib/thumb/v7-m/nofp/libc_nano.a(lib_a-writer.o)
 .ARM.attributes
                0x0000000000000746       0x2d /opt/st/stm32cubeide_1.6.0/plugins/com.st.stm32cube.ide.mcu.externaltools.gnu-tools-for-stm32.9-2020-q2-update.linux64_1.5.0.202011040924/tools/bin/../lib/gcc/arm-none-eabi/9.3.1/../../../../arm-none-eabi/lib/thumb/v7-m/nofp/libc_nano.a(lib_a-closer.o)
 .ARM.attributes
                0x0000000000000773       0x2d /opt/st/stm32cubeide_1.6.0/plugins/com.st.stm32cube.ide.mcu.externaltools.gnu-tools-for-stm32.9-2020-q2-update.linux64_1.5.0.202011040924/tools/bin/../lib/gcc/arm-none-eabi/9.3.1/../../../../arm-none-eabi/lib/thumb/v7-m/nofp/libc_nano.a(lib_a-fstatr.o)
 .ARM.attributes
                0x00000000000007a0       0x2d /opt/st/stm32cubeide_1.6.0/plugins/com.st.stm32cube.ide.mcu.externaltools.gnu-tools-for-stm32.9-2020-q2-update.linux64_1.5.0.202011040924/tools/bin/../lib/gcc/arm-none-eabi/9.3.1/../../../../arm-none-eabi/lib/thumb/v7-m/nofp/libc_nano.a(lib_a-isattyr.o)
 .ARM.attributes
                0x00000000000007cd       0x2d /opt/st/stm32cubeide_1.6.0/plugins/com.st.stm32cube.ide.mcu.externaltools.gnu-tools-for-stm32.9-2020-q2-update.linux64_1.5.0.202011040924/tools/bin/../lib/gcc/arm-none-eabi/9.3.1/../../../../arm-none-eabi/lib/thumb/v7-m/nofp/libc_nano.a(lib_a-lseekr.o)
 .ARM.attributes
                0x00000000000007fa       0x2d /opt/st/stm32cubeide_1.6.0/plugins/com.st.stm32cube.ide.mcu.externaltools.gnu-tools-for-stm32.9-2020-q2-update.linux64_1.5.0.202011040924/tools/bin/../lib/gcc/arm-none-eabi/9.3.1/../../../../arm-none-eabi/lib/thumb/v7-m/nofp/libc_nano.a(lib_a-memchr-stub.o)
 .ARM.attributes
                0x0000000000000827       0x2d /opt/st/stm32cubeide_1.6.0/plugins/com.st.stm32cube.ide.mcu.externaltools.gnu-tools-for-stm32.9-2020-q2-update.linux64_1.5.0.202011040924/tools/bin/../lib/gcc/arm-none-eabi/9.3.1/../../../../arm-none-eabi/lib/thumb/v7-m/nofp/libc_nano.a(lib_a-mlock.o)
 .ARM.attributes
                0x0000000000000854       0x2d /opt/st/stm32cubeide_1.6.0/plugins/com.st.stm32cube.ide.mcu.externaltools.gnu-tools-for-stm32.9-2020-q2-update.linux64_1.5.0.202011040924/tools/bin/../lib/gcc/arm-none-eabi/9.3.1/../../../../arm-none-eabi/lib/thumb/v7-m/nofp/libc_nano.a(lib_a-readr.o)
 .ARM.attributes
                0x0000000000000881       0x2d /opt/st/stm32cubeide_1.6.0/plugins/com.st.stm32cube.ide.mcu.externaltools.gnu-tools-for-stm32.9-2020-q2-update.linux64_1.5.0.202011040924/tools/bin/../lib/gcc/arm-none-eabi/9.3.1/../../../../arm-none-eabi/lib/thumb/v7-m/nofp/libc_nano.a(lib_a-reent.o)
 .ARM.attributes
                0x00000000000008ae       0x1d /opt/st/stm32cubeide_1.6.0/plugins/com.st.stm32cube.ide.mcu.externaltools.gnu-tools-for-stm32.9-2020-q2-update.linux64_1.5.0.202011040924/tools/bin/../lib/gcc/arm-none-eabi/9.3.1/thumb/v7-m/nofp/crtn.o
OUTPUT(f1-sdcard-eziya.elf elf32-littlearm)
LOAD linker stubs
LOAD /opt/st/stm32cubeide_1.6.0/plugins/com.st.stm32cube.ide.mcu.externaltools.gnu-tools-for-stm32.9-2020-q2-update.linux64_1.5.0.202011040924/tools/bin/../lib/gcc/arm-none-eabi/9.3.1/../../../../arm-none-eabi/lib/thumb/v7-m/nofp/libc.a
LOAD /opt/st/stm32cubeide_1.6.0/plugins/com.st.stm32cube.ide.mcu.externaltools.gnu-tools-for-stm32.9-2020-q2-update.linux64_1.5.0.202011040924/tools/bin/../lib/gcc/arm-none-eabi/9.3.1/../../../../arm-none-eabi/lib/thumb/v7-m/nofp/libm.a
LOAD /opt/st/stm32cubeide_1.6.0/plugins/com.st.stm32cube.ide.mcu.externaltools.gnu-tools-for-stm32.9-2020-q2-update.linux64_1.5.0.202011040924/tools/bin/../lib/gcc/arm-none-eabi/9.3.1/thumb/v7-m/nofp/libgcc.a

.debug_info     0x0000000000000000     0xe57c
 .debug_info    0x0000000000000000     0x1d35 Core/Src/main.o
 .debug_info    0x0000000000001d35      0xbc5 Core/Src/stm32f1xx_hal_msp.o
 .debug_info    0x00000000000028fa      0x252 Core/Src/stm32f1xx_it.o
 .debug_info    0x0000000000002b4c      0xfa8 Core/Src/syscalls.o
 .debug_info    0x0000000000003af4      0xa25 Core/Src/sysmem.o
 .debug_info    0x0000000000004519      0x2be Core/Src/system_stm32f1xx.o
 .debug_info    0x00000000000047d7       0x22 Core/Startup/startup_stm32f103c8tx.o
 .debug_info    0x00000000000047f9      0x76a Drivers/STM32F1xx_HAL_Driver/Src/stm32f1xx_hal.o
 .debug_info    0x0000000000004f63      0xbdc Drivers/STM32F1xx_HAL_Driver/Src/stm32f1xx_hal_cortex.o
 .debug_info    0x0000000000005b3f      0x701 Drivers/STM32F1xx_HAL_Driver/Src/stm32f1xx_hal_gpio.o
 .debug_info    0x0000000000006240      0x88e Drivers/STM32F1xx_HAL_Driver/Src/stm32f1xx_hal_rcc.o
 .debug_info    0x0000000000006ace     0x16af Drivers/STM32F1xx_HAL_Driver/Src/stm32f1xx_hal_spi.o
 .debug_info    0x000000000000817d     0x1322 Drivers/STM32F1xx_HAL_Driver/Src/stm32f1xx_hal_uart.o
 .debug_info    0x000000000000949f      0x5f7 FATFS/App/fatfs.o
 .debug_info    0x0000000000009a96      0xc59 FATFS/Target/fatfs_sd.o
 .debug_info    0x000000000000a6ef     0x11b0 FATFS/Target/user_diskio.o
 .debug_info    0x000000000000b89f      0x4fe Middlewares/Third_Party/FatFs/src/diskio.o
 .debug_info    0x000000000000bd9d     0x234a Middlewares/Third_Party/FatFs/src/ff.o
 .debug_info    0x000000000000e0e7      0x495 Middlewares/Third_Party/FatFs/src/ff_gen_drv.o

.debug_abbrev   0x0000000000000000     0x2698
 .debug_abbrev  0x0000000000000000      0x3cd Core/Src/main.o
 .debug_abbrev  0x00000000000003cd      0x1ac Core/Src/stm32f1xx_hal_msp.o
 .debug_abbrev  0x0000000000000579       0xd2 Core/Src/stm32f1xx_it.o
 .debug_abbrev  0x000000000000064b      0x286 Core/Src/syscalls.o
 .debug_abbrev  0x00000000000008d1      0x1bf Core/Src/sysmem.o
 .debug_abbrev  0x0000000000000a90      0x14e Core/Src/system_stm32f1xx.o
 .debug_abbrev  0x0000000000000bde       0x12 Core/Startup/startup_stm32f103c8tx.o
 .debug_abbrev  0x0000000000000bf0      0x1ed Drivers/STM32F1xx_HAL_Driver/Src/stm32f1xx_hal.o
 .debug_abbrev  0x0000000000000ddd      0x313 Drivers/STM32F1xx_HAL_Driver/Src/stm32f1xx_hal_cortex.o
 .debug_abbrev  0x00000000000010f0      0x1e8 Drivers/STM32F1xx_HAL_Driver/Src/stm32f1xx_hal_gpio.o
 .debug_abbrev  0x00000000000012d8      0x273 Drivers/STM32F1xx_HAL_Driver/Src/stm32f1xx_hal_rcc.o
 .debug_abbrev  0x000000000000154b      0x26e Drivers/STM32F1xx_HAL_Driver/Src/stm32f1xx_hal_spi.o
 .debug_abbrev  0x00000000000017b9      0x270 Drivers/STM32F1xx_HAL_Driver/Src/stm32f1xx_hal_uart.o
 .debug_abbrev  0x0000000000001a29      0x19d FATFS/App/fatfs.o
 .debug_abbrev  0x0000000000001bc6      0x2a0 FATFS/Target/fatfs_sd.o
 .debug_abbrev  0x0000000000001e66      0x22c FATFS/Target/user_diskio.o
 .debug_abbrev  0x0000000000002092      0x18b Middlewares/Third_Party/FatFs/src/diskio.o
 .debug_abbrev  0x000000000000221d      0x2bf Middlewares/Third_Party/FatFs/src/ff.o
 .debug_abbrev  0x00000000000024dc      0x1bc Middlewares/Third_Party/FatFs/src/ff_gen_drv.o

.debug_aranges  0x0000000000000000      0xbf8
 .debug_aranges
                0x0000000000000000       0x58 Core/Src/main.o
 .debug_aranges
                0x0000000000000058       0x40 Core/Src/stm32f1xx_hal_msp.o
 .debug_aranges
                0x0000000000000098       0x60 Core/Src/stm32f1xx_it.o
 .debug_aranges
                0x00000000000000f8       0xa8 Core/Src/syscalls.o
 .debug_aranges
                0x00000000000001a0       0x20 Core/Src/sysmem.o
 .debug_aranges
                0x00000000000001c0       0x28 Core/Src/system_stm32f1xx.o
 .debug_aranges
                0x00000000000001e8       0x28 Core/Startup/startup_stm32f103c8tx.o
 .debug_aranges
                0x0000000000000210       0xe0 Drivers/STM32F1xx_HAL_Driver/Src/stm32f1xx_hal.o
 .debug_aranges
                0x00000000000002f0      0x100 Drivers/STM32F1xx_HAL_Driver/Src/stm32f1xx_hal_cortex.o
 .debug_aranges
                0x00000000000003f0       0x58 Drivers/STM32F1xx_HAL_Driver/Src/stm32f1xx_hal_gpio.o
 .debug_aranges
                0x0000000000000448       0x90 Drivers/STM32F1xx_HAL_Driver/Src/stm32f1xx_hal_rcc.o
 .debug_aranges
                0x00000000000004d8      0x1d0 Drivers/STM32F1xx_HAL_Driver/Src/stm32f1xx_hal_spi.o
 .debug_aranges
                0x00000000000006a8      0x1d0 Drivers/STM32F1xx_HAL_Driver/Src/stm32f1xx_hal_uart.o
 .debug_aranges
                0x0000000000000878       0x28 FATFS/App/fatfs.o
 .debug_aranges
                0x00000000000008a0       0xa8 FATFS/Target/fatfs_sd.o
 .debug_aranges
                0x0000000000000948       0x40 FATFS/Target/user_diskio.o
 .debug_aranges
                0x0000000000000988       0x48 Middlewares/Third_Party/FatFs/src/diskio.o
 .debug_aranges
                0x00000000000009d0      0x1e8 Middlewares/Third_Party/FatFs/src/ff.o
 .debug_aranges
                0x0000000000000bb8       0x40 Middlewares/Third_Party/FatFs/src/ff_gen_drv.o

.debug_ranges   0x0000000000000000      0xad0
 .debug_ranges  0x0000000000000000       0x48 Core/Src/main.o
 .debug_ranges  0x0000000000000048       0x30 Core/Src/stm32f1xx_hal_msp.o
 .debug_ranges  0x0000000000000078       0x50 Core/Src/stm32f1xx_it.o
 .debug_ranges  0x00000000000000c8       0x98 Core/Src/syscalls.o
 .debug_ranges  0x0000000000000160       0x10 Core/Src/sysmem.o
 .debug_ranges  0x0000000000000170       0x18 Core/Src/system_stm32f1xx.o
 .debug_ranges  0x0000000000000188       0x20 Core/Startup/startup_stm32f103c8tx.o
 .debug_ranges  0x00000000000001a8       0xd0 Drivers/STM32F1xx_HAL_Driver/Src/stm32f1xx_hal.o
 .debug_ranges  0x0000000000000278       0xf0 Drivers/STM32F1xx_HAL_Driver/Src/stm32f1xx_hal_cortex.o
 .debug_ranges  0x0000000000000368       0x48 Drivers/STM32F1xx_HAL_Driver/Src/stm32f1xx_hal_gpio.o
 .debug_ranges  0x00000000000003b0       0x80 Drivers/STM32F1xx_HAL_Driver/Src/stm32f1xx_hal_rcc.o
 .debug_ranges  0x0000000000000430      0x1c0 Drivers/STM32F1xx_HAL_Driver/Src/stm32f1xx_hal_spi.o
 .debug_ranges  0x00000000000005f0      0x1c0 Drivers/STM32F1xx_HAL_Driver/Src/stm32f1xx_hal_uart.o
 .debug_ranges  0x00000000000007b0       0x18 FATFS/App/fatfs.o
 .debug_ranges  0x00000000000007c8       0x98 FATFS/Target/fatfs_sd.o
 .debug_ranges  0x0000000000000860       0x30 FATFS/Target/user_diskio.o
 .debug_ranges  0x0000000000000890       0x38 Middlewares/Third_Party/FatFs/src/diskio.o
 .debug_ranges  0x00000000000008c8      0x1d8 Middlewares/Third_Party/FatFs/src/ff.o
 .debug_ranges  0x0000000000000aa0       0x30 Middlewares/Third_Party/FatFs/src/ff_gen_drv.o

.debug_macro    0x0000000000000000    0x19312
 .debug_macro   0x0000000000000000      0x38d Core/Src/main.o
 .debug_macro   0x000000000000038d      0xa9c Core/Src/main.o
 .debug_macro   0x0000000000000e29      0x21b Core/Src/main.o
 .debug_macro   0x0000000000001044       0x2e Core/Src/main.o
 .debug_macro   0x0000000000001072       0x22 Core/Src/main.o
 .debug_macro   0x0000000000001094       0x22 Core/Src/main.o
 .debug_macro   0x00000000000010b6       0x8e Core/Src/main.o
 .debug_macro   0x0000000000001144       0x51 Core/Src/main.o
 .debug_macro   0x0000000000001195      0x103 Core/Src/main.o
 .debug_macro   0x0000000000001298       0x6a Core/Src/main.o
 .debug_macro   0x0000000000001302      0x1df Core/Src/main.o
 .debug_macro   0x00000000000014e1       0x1c Core/Src/main.o
 .debug_macro   0x00000000000014fd       0x22 Core/Src/main.o
 .debug_macro   0x000000000000151f       0xc3 Core/Src/main.o
 .debug_macro   0x00000000000015e2      0xd23 Core/Src/main.o
 .debug_macro   0x0000000000002305     0xe097 Core/Src/main.o
 .debug_macro   0x000000000001039c       0x43 Core/Src/main.o
 .debug_macro   0x00000000000103df     0x3468 Core/Src/main.o
 .debug_macro   0x0000000000013847      0x174 Core/Src/main.o
 .debug_macro   0x00000000000139bb       0x5c Core/Src/main.o
 .debug_macro   0x0000000000013a17      0x5be Core/Src/main.o
 .debug_macro   0x0000000000013fd5      0x289 Core/Src/main.o
 .debug_macro   0x000000000001425e      0x1cb Core/Src/main.o
 .debug_macro   0x0000000000014429      0x114 Core/Src/main.o
 .debug_macro   0x000000000001453d      0x1b2 Core/Src/main.o
 .debug_macro   0x00000000000146ef       0x27 Core/Src/main.o
 .debug_macro   0x0000000000014716      0x136 Core/Src/main.o
 .debug_macro   0x000000000001484c      0x1bc Core/Src/main.o
 .debug_macro   0x0000000000014a08       0x34 Core/Src/main.o
 .debug_macro   0x0000000000014a3c       0x3c Core/Src/main.o
 .debug_macro   0x0000000000014a78       0x57 Core/Src/main.o
 .debug_macro   0x0000000000014acf       0x88 Core/Src/main.o
 .debug_macro   0x0000000000014b57      0x241 Core/Src/main.o
 .debug_macro   0x0000000000014d98      0x141 Core/Src/main.o
 .debug_macro   0x0000000000014ed9      0x217 Core/Src/main.o
 .debug_macro   0x00000000000150f0      0x26b Core/Src/main.o
 .debug_macro   0x000000000001535b       0x83 Core/Src/main.o
 .debug_macro   0x00000000000153de       0x28 Core/Src/main.o
 .debug_macro   0x0000000000015406       0xde Core/Src/main.o
 .debug_macro   0x00000000000154e4       0xf5 Core/Src/main.o
 .debug_macro   0x00000000000155d9       0x8e Core/Src/main.o
 .debug_macro   0x0000000000015667       0x52 Core/Src/main.o
 .debug_macro   0x00000000000156b9       0x18 Core/Src/main.o
 .debug_macro   0x00000000000156d1       0x3c Core/Src/main.o
 .debug_macro   0x000000000001570d       0x34 Core/Src/main.o
 .debug_macro   0x0000000000015741       0x16 Core/Src/main.o
 .debug_macro   0x0000000000015757       0x35 Core/Src/main.o
 .debug_macro   0x000000000001578c      0x333 Core/Src/main.o
 .debug_macro   0x0000000000015abf       0x10 Core/Src/main.o
 .debug_macro   0x0000000000015acf       0x16 Core/Src/main.o
 .debug_macro   0x0000000000015ae5       0x43 Core/Src/main.o
 .debug_macro   0x0000000000015b28       0x34 Core/Src/main.o
 .debug_macro   0x0000000000015b5c       0x10 Core/Src/main.o
 .debug_macro   0x0000000000015b6c       0x58 Core/Src/main.o
 .debug_macro   0x0000000000015bc4       0x71 Core/Src/main.o
 .debug_macro   0x0000000000015c35       0x1c Core/Src/main.o
 .debug_macro   0x0000000000015c51      0x12a Core/Src/main.o
 .debug_macro   0x0000000000015d7b       0x10 Core/Src/main.o
 .debug_macro   0x0000000000015d8b       0x1c Core/Src/main.o
 .debug_macro   0x0000000000015da7       0x52 Core/Src/main.o
 .debug_macro   0x0000000000015df9       0x22 Core/Src/main.o
 .debug_macro   0x0000000000015e1b       0x10 Core/Src/main.o
 .debug_macro   0x0000000000015e2b       0x40 Core/Src/main.o
 .debug_macro   0x0000000000015e6b       0xd5 Core/Src/main.o
 .debug_macro   0x0000000000015f40       0x1c Core/Src/main.o
 .debug_macro   0x0000000000015f5c       0x3d Core/Src/main.o
 .debug_macro   0x0000000000015f99       0x16 Core/Src/main.o
 .debug_macro   0x0000000000015faf      0x145 Core/Src/main.o
 .debug_macro   0x00000000000160f4       0x16 Core/Src/main.o
 .debug_macro   0x000000000001610a       0x20 Core/Src/main.o
 .debug_macro   0x000000000001612a      0x1a7 Core/Src/stm32f1xx_hal_msp.o
 .debug_macro   0x00000000000162d1      0x1b1 Core/Src/stm32f1xx_it.o
 .debug_macro   0x0000000000016482      0x24c Core/Src/syscalls.o
 .debug_macro   0x00000000000166ce       0x4c Core/Src/syscalls.o
 .debug_macro   0x000000000001671a       0x94 Core/Src/syscalls.o
 .debug_macro   0x00000000000167ae       0x57 Core/Src/syscalls.o
 .debug_macro   0x0000000000016805      0x339 Core/Src/syscalls.o
 .debug_macro   0x0000000000016b3e       0x10 Core/Src/syscalls.o
 .debug_macro   0x0000000000016b4e       0x10 Core/Src/syscalls.o
 .debug_macro   0x0000000000016b5e       0x10 Core/Src/syscalls.o
 .debug_macro   0x0000000000016b6e       0x35 Core/Src/syscalls.o
 .debug_macro   0x0000000000016ba3      0x12c Core/Src/syscalls.o
 .debug_macro   0x0000000000016ccf       0x16 Core/Src/syscalls.o
 .debug_macro   0x0000000000016ce5       0x16 Core/Src/syscalls.o
 .debug_macro   0x0000000000016cfb       0x29 Core/Src/syscalls.o
 .debug_macro   0x0000000000016d24       0x10 Core/Src/syscalls.o
 .debug_macro   0x0000000000016d34      0x241 Core/Src/syscalls.o
 .debug_macro   0x0000000000016f75       0x1c Core/Src/syscalls.o
 .debug_macro   0x0000000000016f91       0x10 Core/Src/syscalls.o
 .debug_macro   0x0000000000016fa1      0x189 Core/Src/syscalls.o
 .debug_macro   0x000000000001712a       0x16 Core/Src/syscalls.o
 .debug_macro   0x0000000000017140       0xce Core/Src/syscalls.o
 .debug_macro   0x000000000001720e       0xff Core/Src/sysmem.o
 .debug_macro   0x000000000001730d      0x23b Core/Src/sysmem.o
 .debug_macro   0x0000000000017548      0x198 Core/Src/system_stm32f1xx.o
 .debug_macro   0x00000000000176e0      0x1bc Drivers/STM32F1xx_HAL_Driver/Src/stm32f1xx_hal.o
 .debug_macro   0x000000000001789c      0x198 Drivers/STM32F1xx_HAL_Driver/Src/stm32f1xx_hal_cortex.o
 .debug_macro   0x0000000000017a34      0x203 Drivers/STM32F1xx_HAL_Driver/Src/stm32f1xx_hal_gpio.o
 .debug_macro   0x0000000000017c37      0x1aa Drivers/STM32F1xx_HAL_Driver/Src/stm32f1xx_hal_rcc.o
 .debug_macro   0x0000000000017de1      0x1a0 Drivers/STM32F1xx_HAL_Driver/Src/stm32f1xx_hal_spi.o
 .debug_macro   0x0000000000017f81      0x199 Drivers/STM32F1xx_HAL_Driver/Src/stm32f1xx_hal_uart.o
 .debug_macro   0x000000000001811a      0x1fa FATFS/App/fatfs.o
 .debug_macro   0x0000000000018314       0xd8 FATFS/App/fatfs.o
 .debug_macro   0x00000000000183ec      0x1cb FATFS/Target/fatfs_sd.o
 .debug_macro   0x00000000000185b7       0x16 FATFS/Target/fatfs_sd.o
 .debug_macro   0x00000000000185cd       0x7c FATFS/Target/fatfs_sd.o
 .debug_macro   0x0000000000018649       0x9a FATFS/Target/fatfs_sd.o
 .debug_macro   0x00000000000186e3      0x2b8 FATFS/Target/user_diskio.o
 .debug_macro   0x000000000001899b       0x10 FATFS/Target/user_diskio.o
 .debug_macro   0x00000000000189ab       0xbd FATFS/Target/user_diskio.o
 .debug_macro   0x0000000000018a68       0x56 FATFS/Target/user_diskio.o
 .debug_macro   0x0000000000018abe      0x1e7 Middlewares/Third_Party/FatFs/src/diskio.o
 .debug_macro   0x0000000000018ca5      0x42e Middlewares/Third_Party/FatFs/src/ff.o
 .debug_macro   0x00000000000190d3       0x58 Middlewares/Third_Party/FatFs/src/ff.o
 .debug_macro   0x000000000001912b      0x1e7 Middlewares/Third_Party/FatFs/src/ff_gen_drv.o

.debug_line     0x0000000000000000     0xe501
 .debug_line    0x0000000000000000      0xb3f Core/Src/main.o
 .debug_line    0x0000000000000b3f      0x6e6 Core/Src/stm32f1xx_hal_msp.o
 .debug_line    0x0000000000001225      0x713 Core/Src/stm32f1xx_it.o
 .debug_line    0x0000000000001938      0x7d5 Core/Src/syscalls.o
 .debug_line    0x000000000000210d      0x4cb Core/Src/sysmem.o
 .debug_line    0x00000000000025d8      0x6bd Core/Src/system_stm32f1xx.o
 .debug_line    0x0000000000002c95       0x84 Core/Startup/startup_stm32f103c8tx.o
 .debug_line    0x0000000000002d19      0x8ea Drivers/STM32F1xx_HAL_Driver/Src/stm32f1xx_hal.o
 .debug_line    0x0000000000003603      0xad2 Drivers/STM32F1xx_HAL_Driver/Src/stm32f1xx_hal_cortex.o
 .debug_line    0x00000000000040d5      0x981 Drivers/STM32F1xx_HAL_Driver/Src/stm32f1xx_hal_gpio.o
 .debug_line    0x0000000000004a56      0xcf8 Drivers/STM32F1xx_HAL_Driver/Src/stm32f1xx_hal_rcc.o
 .debug_line    0x000000000000574e     0x1b62 Drivers/STM32F1xx_HAL_Driver/Src/stm32f1xx_hal_spi.o
 .debug_line    0x00000000000072b0     0x16f4 Drivers/STM32F1xx_HAL_Driver/Src/stm32f1xx_hal_uart.o
 .debug_line    0x00000000000089a4      0x6da FATFS/App/fatfs.o
 .debug_line    0x000000000000907e      0xce8 FATFS/Target/fatfs_sd.o
 .debug_line    0x0000000000009d66      0x863 FATFS/Target/user_diskio.o
 .debug_line    0x000000000000a5c9      0x74b Middlewares/Third_Party/FatFs/src/diskio.o
 .debug_line    0x000000000000ad14     0x3085 Middlewares/Third_Party/FatFs/src/ff.o
 .debug_line    0x000000000000dd99      0x768 Middlewares/Third_Party/FatFs/src/ff_gen_drv.o

.debug_str      0x0000000000000000    0x8686d
 .debug_str     0x0000000000000000    0x82694 Core/Src/main.o
                                      0x82b69 (size before relaxing)
 .debug_str     0x0000000000082694       0xa1 Core/Src/stm32f1xx_hal_msp.o
                                      0x7ddac (size before relaxing)
 .debug_str     0x0000000000082735       0xcb Core/Src/stm32f1xx_it.o
                                      0x7d838 (size before relaxing)
 .debug_str     0x0000000000082800     0x173a Core/Src/syscalls.o
                                       0x8e8f (size before relaxing)
 .debug_str     0x0000000000083f3a       0x6b Core/Src/sysmem.o
                                       0x6262 (size before relaxing)
 .debug_str     0x0000000000083fa5       0x52 Core/Src/system_stm32f1xx.o
                                      0x7d77b (size before relaxing)
 .debug_str     0x0000000000083ff7       0x36 Core/Startup/startup_stm32f103c8tx.o
                                         0x76 (size before relaxing)
 .debug_str     0x000000000008402d      0x559 Drivers/STM32F1xx_HAL_Driver/Src/stm32f1xx_hal.o
                                      0x7de0c (size before relaxing)
 .debug_str     0x0000000000084586      0x2d8 Drivers/STM32F1xx_HAL_Driver/Src/stm32f1xx_hal_cortex.o
                                      0x7de14 (size before relaxing)
 .debug_str     0x000000000008485e      0x324 Drivers/STM32F1xx_HAL_Driver/Src/stm32f1xx_hal_gpio.o
                                      0x7db3f (size before relaxing)
 .debug_str     0x0000000000084b82      0x24f Drivers/STM32F1xx_HAL_Driver/Src/stm32f1xx_hal_rcc.o
                                      0x7db78 (size before relaxing)
 .debug_str     0x0000000000084dd1      0x549 Drivers/STM32F1xx_HAL_Driver/Src/stm32f1xx_hal_spi.o
                                      0x7e080 (size before relaxing)
 .debug_str     0x000000000008531a      0x524 Drivers/STM32F1xx_HAL_Driver/Src/stm32f1xx_hal_uart.o
                                      0x7e07e (size before relaxing)
 .debug_str     0x000000000008583e       0x2f FATFS/App/fatfs.o
                                      0x7e0a8 (size before relaxing)
 .debug_str     0x000000000008586d      0x2b7 FATFS/Target/fatfs_sd.o
                                      0x7dfc1 (size before relaxing)
 .debug_str     0x0000000000085b24       0x5a FATFS/Target/user_diskio.o
                                      0x81717 (size before relaxing)
 .debug_str     0x0000000000085b7e       0x52 Middlewares/Third_Party/FatFs/src/diskio.o
                                      0x7dfdf (size before relaxing)
 .debug_str     0x0000000000085bd0      0xbfb Middlewares/Third_Party/FatFs/src/ff.o
                                      0x7edd0 (size before relaxing)
 .debug_str     0x00000000000867cb       0xa2 Middlewares/Third_Party/FatFs/src/ff_gen_drv.o
                                      0x7e030 (size before relaxing)

.comment        0x0000000000000000       0x53
 .comment       0x0000000000000000       0x53 Core/Src/main.o
                                         0x54 (size before relaxing)
 .comment       0x0000000000000053       0x54 Core/Src/stm32f1xx_hal_msp.o
 .comment       0x0000000000000053       0x54 Core/Src/stm32f1xx_it.o
 .comment       0x0000000000000053       0x54 Core/Src/syscalls.o
 .comment       0x0000000000000053       0x54 Core/Src/sysmem.o
 .comment       0x0000000000000053       0x54 Core/Src/system_stm32f1xx.o
 .comment       0x0000000000000053       0x54 Drivers/STM32F1xx_HAL_Driver/Src/stm32f1xx_hal.o
 .comment       0x0000000000000053       0x54 Drivers/STM32F1xx_HAL_Driver/Src/stm32f1xx_hal_cortex.o
 .comment       0x0000000000000053       0x54 Drivers/STM32F1xx_HAL_Driver/Src/stm32f1xx_hal_gpio.o
 .comment       0x0000000000000053       0x54 Drivers/STM32F1xx_HAL_Driver/Src/stm32f1xx_hal_rcc.o
 .comment       0x0000000000000053       0x54 Drivers/STM32F1xx_HAL_Driver/Src/stm32f1xx_hal_spi.o
 .comment       0x0000000000000053       0x54 Drivers/STM32F1xx_HAL_Driver/Src/stm32f1xx_hal_uart.o
 .comment       0x0000000000000053       0x54 FATFS/App/fatfs.o
 .comment       0x0000000000000053       0x54 FATFS/Target/fatfs_sd.o
 .comment       0x0000000000000053       0x54 FATFS/Target/user_diskio.o
 .comment       0x0000000000000053       0x54 Middlewares/Third_Party/FatFs/src/diskio.o
 .comment       0x0000000000000053       0x54 Middlewares/Third_Party/FatFs/src/ff.o
 .comment       0x0000000000000053       0x54 Middlewares/Third_Party/FatFs/src/ff_gen_drv.o

.debug_frame    0x0000000000000000     0x3804
 .debug_frame   0x0000000000000000      0x114 Core/Src/main.o
 .debug_frame   0x0000000000000114       0xc8 Core/Src/stm32f1xx_hal_msp.o
 .debug_frame   0x00000000000001dc      0x104 Core/Src/stm32f1xx_it.o
 .debug_frame   0x00000000000002e0      0x2ac Core/Src/syscalls.o
 .debug_frame   0x000000000000058c       0x34 Core/Src/sysmem.o
 .debug_frame   0x00000000000005c0       0x58 Core/Src/system_stm32f1xx.o
 .debug_frame   0x0000000000000618      0x334 Drivers/STM32F1xx_HAL_Driver/Src/stm32f1xx_hal.o
 .debug_frame   0x000000000000094c      0x428 Drivers/STM32F1xx_HAL_Driver/Src/stm32f1xx_hal_cortex.o
 .debug_frame   0x0000000000000d74      0x14c Drivers/STM32F1xx_HAL_Driver/Src/stm32f1xx_hal_gpio.o
 .debug_frame   0x0000000000000ec0      0x21c Drivers/STM32F1xx_HAL_Driver/Src/stm32f1xx_hal_rcc.o